#
# There is insufficient memory for the Java Runtime Environment to continue.
# Native memory allocation (malloc) failed to allocate 1785376 bytes. Error detail: Chunk::new
# Possible reasons:
#   The system is out of physical RAM or swap space
#   This process is running with CompressedOops enabled, and the Java Heap may be blocking the growth of the native heap
# Possible solutions:
#   Reduce memory load on the system
#   Increase physical memory or swap space
#   Check if swap backing store is full
#   Decrease Java heap size (-Xmx/-Xms)
#   Decrease number of Java threads
#   Decrease Java thread stack sizes (-Xss)
#   Set larger code cache with -XX:ReservedCodeCacheSize=
#   JVM is running with Unscaled Compressed Oops mode in which the Java heap is
#     placed in the first 4GB address space. The Java Heap base address is the
#     maximum limit for the native heap growth. Please use -XX:HeapBaseMinAddress
#     to set the Java Heap base and to place the Java Heap above 4GB virtual address.
# This output file may be truncated or incomplete.
#
#  Out of Memory Error (arena.cpp:186), pid=16552, tid=6472
#
# JRE version: OpenJDK Runtime Environment (25.0.3) (build 25.0.3+-15898627-b508.16)
# Java VM: OpenJDK 64-Bit Server VM (25.0.3+-15898627-b508.16, mixed mode, tiered, compressed oops, compressed class ptrs, g1 gc, windows-amd64)
# No core dump will be written. Minidumps are not enabled by default on client versions of Windows
#

---------------  S U M M A R Y ------------

Command Line: --add-opens=java.base/java.lang=ALL-UNNAMED --add-opens=java.base/java.lang.invoke=ALL-UNNAMED --add-opens=java.base/java.util=ALL-UNNAMED --add-opens=java.prefs/java.util.prefs=ALL-UNNAMED --add-exports=jdk.compiler/com.sun.tools.javac.api=ALL-UNNAMED --add-exports=jdk.compiler/com.sun.tools.javac.util=ALL-UNNAMED --add-opens=java.base/java.nio.charset=ALL-UNNAMED --add-opens=java.base/java.net=ALL-UNNAMED --add-opens=java.base/java.util.concurrent=ALL-UNNAMED --add-opens=java.base/java.util.concurrent.atomic=ALL-UNNAMED --add-opens=java.xml/javax.xml.namespace=ALL-UNNAMED --add-opens=java.base/java.time=ALL-UNNAMED --enable-native-access=ALL-UNNAMED -Xmx2048m -Dfile.encoding=UTF-8 -Duser.country=CO -Duser.language=es -Duser.variant -javaagent:C:\Users\Usser\.gradle\wrapper\dists\gradle-9.6.0-bin\42k10rwplmzkhuboz9kdazi7s\gradle-9.6.0\lib\agents\gradle-instrumentation-agent-9.6.0.jar org.gradle.launcher.daemon.bootstrap.GradleDaemon 9.6.0

Host: AMD Ryzen 5 3500U with Radeon Vega Mobile Gfx  , 4 cores, 5G,  Windows 11 , 64 bit Build 26100 (10.0.26100.2161)
Time: Tue Sep 22 13:37:07 2026 Hora est. Pacífico, Sudamérica elapsed time: 20.566316 seconds (0d 0h 0m 20s)

---------------  T H R E A D  ---------------

Current thread (0x000001d5e6b4ac80):  JavaThread "C2 CompilerThread0" daemon [_thread_in_native, id=6472, stack(0x00000059b7800000,0x00000059b7900000) (1024K)]


Current CompileTask:
C2:20566 9744       4       java.lang.invoke.DelegatingMethodHandle::makeReinvokerForm (323 bytes)

Stack: [0x00000059b7800000,0x00000059b7900000]
Native frames: (J=compiled Java code, j=interpreted, Vv=VM code, C=native code)
V  [jvm.dll+0x7bf039]  (no source info available)
V  [jvm.dll+0x78912d]  (no source info available)
V  [jvm.dll+0xa0e615]  (no source info available)
V  [jvm.dll+0xa10c94]  (no source info available)
V  [jvm.dll+0xa11393]  (no source info available)
V  [jvm.dll+0x30a116]  (no source info available)
V  [jvm.dll+0x10eda9]  (no source info available)
V  [jvm.dll+0x10f0d2]  (no source info available)
V  [jvm.dll+0x45e529]  (no source info available)
V  [jvm.dll+0x25fbef]  (no source info available)
V  [jvm.dll+0x2ce352]  (no source info available)
V  [jvm.dll+0x2cd641]  (no source info available)
V  [jvm.dll+0x24334a]  (no source info available)
V  [jvm.dll+0x2dd025]  (no source info available)
V  [jvm.dll+0x2db226]  (no source info available)
V  [jvm.dll+0x49c12e]  (no source info available)
V  [jvm.dll+0x9ad738]  (no source info available)
V  [jvm.dll+0x7bd585]  (no source info available)
C  [ucrtbase.dll+0x14ea0]  (no source info available)
C  [KERNEL32.DLL+0x2dbe7]  (no source info available)
C  [ntdll.dll+0xdfbec]  (no source info available)

Lock stack of current Java thread (top to bottom):


---------------  P R O C E S S  ---------------

Threads class SMR info:
_java_thread_list=0x000001d5eefba590, length=44, elements={
0x000001d5cf85b580, 0x000001d5e6b295e0, 0x000001d5e6b2b3d0, 0x000001d5e6b61710,
0x000001d5e6b651f0, 0x000001d5e6b65db0, 0x000001d5e6b462b0, 0x000001d5e6b47d80,
0x000001d5e6b4ac80, 0x000001d5e6b76170, 0x000001d5eb305580, 0x000001d5eda1de30,
0x000001d5edb9dfd0, 0x000001d5eded0da0, 0x000001d5eded2570, 0x000001d5eded2d30,
0x000001d5edff1dd0, 0x000001d5edf94060, 0x000001d5edf97ee0, 0x000001d5edf986b0,
0x000001d5edf99650, 0x000001d5edf99e20, 0x000001d5edf9adc0, 0x000001d5ee4450c0,
0x000001d5ee447fa0, 0x000001d5ee4448f0, 0x000001d5ee449710, 0x000001d5ee446060,
0x000001d5ee44a6b0, 0x000001d5ee44b650, 0x000001d5ec186280, 0x000001d5ec184b10,
0x000001d5ec187220, 0x000001d5ec1879f0, 0x000001d5ec18a8d0, 0x000001d5ef714f40,
0x000001d5ef712060, 0x000001d5ef713fa0, 0x000001d5ef7166b0, 0x000001d5ef718dc0,
0x000001d5ee445890, 0x000001d5f14e86c0, 0x000001d5f14e4070, 0x000001d5f0dd4ee0
}

Java Threads: ( => current thread )
  0x000001d5cf85b580 JavaThread "main"                              [_thread_blocked, id=2516, stack(0x00000059b6900000,0x00000059b6a00000) (1024K)]
  0x000001d5e6b295e0 JavaThread "Common-Cleaner"             daemon [_thread_blocked, id=10456, stack(0x00000059b7100000,0x00000059b7200000) (1024K)]
  0x000001d5e6b2b3d0 JavaThread "Reference Handler"          daemon [_thread_blocked, id=2904, stack(0x00000059b7200000,0x00000059b7300000) (1024K)]
  0x000001d5e6b61710 JavaThread "Finalizer"                  daemon [_thread_blocked, id=15340, stack(0x00000059b7300000,0x00000059b7400000) (1024K)]
  0x000001d5e6b651f0 JavaThread "Signal Dispatcher"          daemon [_thread_blocked, id=14536, stack(0x00000059b7400000,0x00000059b7500000) (1024K)]
  0x000001d5e6b65db0 JavaThread "Attach Listener"            daemon [_thread_blocked, id=7552, stack(0x00000059b7500000,0x00000059b7600000) (1024K)]
  0x000001d5e6b462b0 JavaThread "Service Thread"             daemon [_thread_blocked, id=10444, stack(0x00000059b7600000,0x00000059b7700000) (1024K)]
  0x000001d5e6b47d80 JavaThread "Monitor Deflation Thread"   daemon [_thread_blocked, id=8172, stack(0x00000059b7700000,0x00000059b7800000) (1024K)]
=>0x000001d5e6b4ac80 JavaThread "C2 CompilerThread0"         daemon [_thread_in_native, id=6472, stack(0x00000059b7800000,0x00000059b7900000) (1024K)]
  0x000001d5e6b76170 JavaThread "C1 CompilerThread0"         daemon [_thread_blocked, id=13704, stack(0x00000059b7900000,0x00000059b7a00000) (1024K)]
  0x000001d5eb305580 JavaThread "Notification Thread"        daemon [_thread_blocked, id=5388, stack(0x00000059b7a00000,0x00000059b7b00000) (1024K)]
  0x000001d5eda1de30 JavaThread "Daemon health stats"               [_thread_blocked, id=18308, stack(0x00000059b7e00000,0x00000059b7f00000) (1024K)]
  0x000001d5edb9dfd0 JavaThread "Incoming local TCP Connector on port 64595"        [_thread_in_native, id=8232, stack(0x00000059b7f00000,0x00000059b8000000) (1024K)]
  0x000001d5eded0da0 JavaThread "Daemon periodic checks"            [_thread_blocked, id=1776, stack(0x00000059b8000000,0x00000059b8100000) (1024K)]
  0x000001d5eded2570 JavaThread "Daemon"                            [_thread_blocked, id=8696, stack(0x00000059b8100000,0x00000059b8200000) (1024K)]
  0x000001d5eded2d30 JavaThread "Handler for socket connection from /127.0.0.1:64595 to /127.0.0.1:64596"        [_thread_in_native, id=14540, stack(0x00000059b8200000,0x00000059b8300000) (1024K)]
  0x000001d5edff1dd0 JavaThread "Cancel handler"                    [_thread_blocked, id=10316, stack(0x00000059b8300000,0x00000059b8400000) (1024K)]
  0x000001d5edf94060 JavaThread "Daemon worker"                     [_thread_in_native, id=9260, stack(0x00000059b8400000,0x00000059b8500000) (1024K)]
  0x000001d5edf97ee0 JavaThread "Asynchronous log dispatcher for DefaultDaemonConnection: socket connection from /127.0.0.1:64595 to /127.0.0.1:64596"        [_thread_blocked, id=5604, stack(0x00000059b8500000,0x00000059b8600000) (1024K)]
  0x000001d5edf986b0 JavaThread "Stdin handler"                     [_thread_blocked, id=3268, stack(0x00000059b8600000,0x00000059b8700000) (1024K)]
  0x000001d5edf99650 JavaThread "Daemon client event forwarder"        [_thread_blocked, id=3684, stack(0x00000059b8700000,0x00000059b8800000) (1024K)]
  0x000001d5edf99e20 JavaThread "Cache worker for journal cache (C:\Users\Usser\.gradle\caches\journal-1)"        [_thread_blocked, id=13984, stack(0x00000059b8800000,0x00000059b8900000) (1024K)]
  0x000001d5edf9adc0 JavaThread "File lock request listener"        [_thread_in_native, id=13372, stack(0x00000059b8900000,0x00000059b8a00000) (1024K)]
  0x000001d5ee4450c0 JavaThread "Cache worker for file hash cache (C:\Users\Usser\.gradle\caches\9.6.0\fileHashes)"        [_thread_blocked, id=17340, stack(0x00000059b8b00000,0x00000059b8c00000) (1024K)]
  0x000001d5ee447fa0 JavaThread "Cache worker for file hash cache (C:\Users\Usser\AndroidStudioProjects\IUDigitalRadio\.gradle\9.6.0\fileHashes)"        [_thread_blocked, id=9088, stack(0x00000059b8c00000,0x00000059b8d00000) (1024K)]
  0x000001d5ee4448f0 JavaThread "Cache worker for checksums cache (C:\Users\Usser\AndroidStudioProjects\IUDigitalRadio\.gradle\9.6.0\checksums)"        [_thread_blocked, id=10284, stack(0x00000059b8d00000,0x00000059b8e00000) (1024K)]
  0x000001d5ee449710 JavaThread "Cache worker for Build Output Cleanup Cache (C:\Users\Usser\AndroidStudioProjects\IUDigitalRadio\.gradle\buildOutputCleanup)"        [_thread_blocked, id=15600, stack(0x00000059b8e00000,0x00000059b8f00000) (1024K)]
  0x000001d5ee446060 JavaThread "Cache worker for file content cache (C:\Users\Usser\.gradle\caches\9.6.0\fileContent)"        [_thread_blocked, id=2328, stack(0x00000059b8f00000,0x00000059b9000000) (1024K)]
  0x000001d5ee44a6b0 JavaThread "File watcher server"        daemon [_thread_in_native, id=10884, stack(0x00000059b9000000,0x00000059b9100000) (1024K)]
  0x000001d5ee44b650 JavaThread "File watcher consumer"      daemon [_thread_blocked, id=11960, stack(0x00000059b9100000,0x00000059b9200000) (1024K)]
  0x000001d5ec186280 JavaThread "Cache worker for cache directory md-supplier (C:\Users\Usser\.gradle\caches\9.6.0\md-supplier)"        [_thread_blocked, id=10744, stack(0x00000059b9200000,0x00000059b9300000) (1024K)]
  0x000001d5ec184b10 JavaThread "Cache worker for cache directory md-rule (C:\Users\Usser\.gradle\caches\9.6.0\md-rule)"        [_thread_blocked, id=12636, stack(0x00000059b9300000,0x00000059b9400000) (1024K)]
  0x000001d5ec187220 JavaThread "jar transforms"                    [_thread_blocked, id=7388, stack(0x00000059b9400000,0x00000059b9500000) (1024K)]
  0x000001d5ec1879f0 JavaThread "jar transforms Thread 2"           [_thread_blocked, id=17596, stack(0x00000059b9500000,0x00000059b9600000) (1024K)]
  0x000001d5ec18a8d0 JavaThread "jar transforms Thread 3"           [_thread_blocked, id=3960, stack(0x00000059b9600000,0x00000059b9700000) (1024K)]
  0x000001d5ef714f40 JavaThread "Build operations"                  [_thread_blocked, id=14236, stack(0x00000059b9700000,0x00000059b9800000) (1024K)]
  0x000001d5ef712060 JavaThread "Build operations Thread 2"         [_thread_blocked, id=8936, stack(0x00000059b9800000,0x00000059b9900000) (1024K)]
  0x000001d5ef713fa0 JavaThread "Build operations Thread 3"         [_thread_blocked, id=8008, stack(0x00000059b9900000,0x00000059b9a00000) (1024K)]
  0x000001d5ef7166b0 JavaThread "Build operations Thread 4"         [_thread_blocked, id=2920, stack(0x00000059b9a00000,0x00000059b9b00000) (1024K)]
  0x000001d5ef718dc0 JavaThread "jar transforms Thread 4"           [_thread_blocked, id=9384, stack(0x00000059b9b00000,0x00000059b9c00000) (1024K)]
  0x000001d5ee445890 JavaThread "Configuration cache report writer"        [_thread_blocked, id=11972, stack(0x00000059b8a00000,0x00000059b8b00000) (1024K)]
  0x000001d5f14e86c0 JavaThread "build event listener"              [_thread_blocked, id=9812, stack(0x00000059b9d00000,0x00000059b9e00000) (1024K)]
  0x000001d5f14e4070 JavaThread "Memory manager"                    [_thread_blocked, id=13652, stack(0x00000059b9c00000,0x00000059b9d00000) (1024K)]
  0x000001d5f0dd4ee0 JavaThread "C2 CompilerThread1"         daemon [_thread_blocked, id=8948, stack(0x00000059b9e00000,0x00000059b9f00000) (1024K)]
Total: 44

Other Threads:
  0x000001d5e6b01880 VMThread "VM Thread"                           [id=14424, stack(0x00000059b7000000,0x00000059b7100000) (1024K)]
  0x000001d5e6acaa00 WatcherThread "VM Periodic Task Thread"        [id=8700, stack(0x00000059b6f00000,0x00000059b7000000) (1024K)]
  0x000001d5cf8b9470 WorkerThread "GC Thread#0"                     [id=5264, stack(0x00000059b6a00000,0x00000059b6b00000) (1024K)]
  0x000001d5ebdbc7a0 WorkerThread "GC Thread#1"                     [id=3228, stack(0x00000059b7b00000,0x00000059b7c00000) (1024K)]
  0x000001d5ebe5f250 WorkerThread "GC Thread#2"                     [id=15476, stack(0x00000059b7c00000,0x00000059b7d00000) (1024K)]
  0x000001d5ebe4e410 WorkerThread "GC Thread#3"                     [id=10748, stack(0x00000059b7d00000,0x00000059b7e00000) (1024K)]
  0x000001d5cf8d2540 ConcurrentGCThread "G1 Main Marker"            [id=4156, stack(0x00000059b6b00000,0x00000059b6c00000) (1024K)]
  0x000001d5cf8d3fd0 WorkerThread "G1 Conc#0"                       [id=14464, stack(0x00000059b6c00000,0x00000059b6d00000) (1024K)]
  0x000001d5cf902060 ConcurrentGCThread "G1 Refine#0"               [id=17904, stack(0x00000059b6d00000,0x00000059b6e00000) (1024K)]
  0x000001d5cf902c70 ConcurrentGCThread "G1 Service"                [id=14032, stack(0x00000059b6e00000,0x00000059b6f00000) (1024K)]
Total: 10

Threads with active compile tasks:
C2 CompilerThread0  20704 9744       4       java.lang.invoke.DelegatingMethodHandle::makeReinvokerForm (323 bytes)
Total: 1

VM state: not at safepoint (normal execution)

VM Mutex/Monitor currently owned by a thread: None

Heap address: 0x0000000080000000, size: 2048 MB, Compressed Oops mode: 32-bit

CDS archive(s) not mapped
Compressed class space mapped at: 0x000000003d000000-0x000000007d000000, reserved size: 1073741824
UseCompressedClassPointers 1, UseCompactObjectHeaders 0
Narrow klass pointer bits 32, Max shift 3
Narrow klass base: 0x0000000000000000, Narrow klass shift: 0
Encoding Range: [0x0000000000000000 - 0x0000000100000000), (4294967296 bytes)
Klass Range:    [0x000000003d000000 - 0x000000007d000000), (1073741824 bytes)
Klass ID Range:  [1023410176 - 2097151993) (1073741817)
No protection zone.

GC Precious Log:
 CardTable entry size: 512
 Card Set container configuration: InlinePtr #cards 5 size 8 Array Of Cards #cards 10 size 36 Howl #buckets 4 coarsen threshold 1843 Howl Bitmap #cards 512 size 80 coarsen threshold 460 Card regions per heap region 1 cards per card region 2048
 CPUs: 4 total, 4 available
 Memory: 6082M
 Large Page Support: Disabled
 NUMA Support: Disabled
 Compressed Oops: Enabled (32-bit)
 Heap Region Size: 1M
 Heap Min Capacity: 8M
 Heap Initial Capacity: 96M
 Heap Max Capacity: 2G
 Pre-touch: Disabled
 Parallel Workers: 4
 Concurrent Workers: 1
 Concurrent Refinement Workers: 4
 Periodic GC: Disabled

Heap:
 garbage-first heap   total reserved 2097152K, committed 122880K, used 93901K [0x0000000080000000, 0x0000000100000000)
  region size 1024K, 23 young (23552K), 3 survivors (3072K)

Heap Regions: E=young(eden), S=young(survivor), O=old, HS=humongous(starts), HC=humongous(continues), CS=collection set, F=free, TAMS=top-at-mark-start, PB=parsable bottom
|   0|0x0000000080000000, 0x0000000080100000, 0x0000000080100000|100%|HS|  |TAMS 0x0000000080000000| PB 0x0000000080000000| Complete |  0
|   1|0x0000000080100000, 0x0000000080200000, 0x0000000080200000|100%|HC|  |TAMS 0x0000000080100000| PB 0x0000000080100000| Complete |  0
|   2|0x0000000080200000, 0x0000000080300000, 0x0000000080300000|100%|HC|  |TAMS 0x0000000080200000| PB 0x0000000080200000| Complete |  0
|   3|0x0000000080300000, 0x0000000080400000, 0x0000000080400000|100%|HC|  |TAMS 0x0000000080300000| PB 0x0000000080300000| Complete |  0
|   4|0x0000000080400000, 0x0000000080500000, 0x0000000080500000|100%| O|  |TAMS 0x0000000080400000| PB 0x0000000080400000| Untracked |  0
|   5|0x0000000080500000, 0x0000000080600000, 0x0000000080600000|100%| O|  |TAMS 0x0000000080500000| PB 0x0000000080500000| Untracked |  0
|   6|0x0000000080600000, 0x0000000080700000, 0x0000000080700000|100%| O|  |TAMS 0x0000000080600000| PB 0x0000000080600000| Untracked |  0
|   7|0x0000000080700000, 0x0000000080800000, 0x0000000080800000|100%|HS|  |TAMS 0x0000000080700000| PB 0x0000000080700000| Complete |  0
|   8|0x0000000080800000, 0x0000000080900000, 0x0000000080900000|100%| O|  |TAMS 0x0000000080800000| PB 0x0000000080800000| Untracked |  0
|   9|0x0000000080900000, 0x0000000080a00000, 0x0000000080a00000|100%| O|  |TAMS 0x0000000080900000| PB 0x0000000080900000| Untracked |  0
|  10|0x0000000080a00000, 0x0000000080b00000, 0x0000000080b00000|100%| O|  |TAMS 0x0000000080a00000| PB 0x0000000080a00000| Untracked |  0
|  11|0x0000000080b00000, 0x0000000080c00000, 0x0000000080c00000|100%| O|  |TAMS 0x0000000080b00000| PB 0x0000000080b00000| Untracked |  0
|  12|0x0000000080c00000, 0x0000000080d00000, 0x0000000080d00000|100%| O|  |TAMS 0x0000000080c00000| PB 0x0000000080c00000| Untracked |  0
|  13|0x0000000080d00000, 0x0000000080e00000, 0x0000000080e00000|100%| O|  |TAMS 0x0000000080d00000| PB 0x0000000080d00000| Untracked |  0
|  14|0x0000000080e00000, 0x0000000080f00000, 0x0000000080f00000|100%| O|  |TAMS 0x0000000080e00000| PB 0x0000000080e00000| Untracked |  0
|  15|0x0000000080f00000, 0x0000000081000000, 0x0000000081000000|100%| O|  |TAMS 0x0000000080f00000| PB 0x0000000080f00000| Untracked |  0
|  16|0x0000000081000000, 0x0000000081100000, 0x0000000081100000|100%| O|  |TAMS 0x0000000081000000| PB 0x0000000081000000| Untracked |  0
|  17|0x0000000081100000, 0x0000000081200000, 0x0000000081200000|100%| O|  |TAMS 0x0000000081100000| PB 0x0000000081100000| Untracked |  0
|  18|0x0000000081200000, 0x0000000081300000, 0x0000000081300000|100%| O|  |TAMS 0x0000000081200000| PB 0x0000000081200000| Untracked |  0
|  19|0x0000000081300000, 0x0000000081400000, 0x0000000081400000|100%|HS|  |TAMS 0x0000000081300000| PB 0x0000000081300000| Complete |  0
|  20|0x0000000081400000, 0x0000000081500000, 0x0000000081500000|100%| O|  |TAMS 0x0000000081400000| PB 0x0000000081400000| Untracked |  0
|  21|0x0000000081500000, 0x0000000081600000, 0x0000000081600000|100%| O|  |TAMS 0x0000000081500000| PB 0x0000000081500000| Untracked |  0
|  22|0x0000000081600000, 0x0000000081700000, 0x0000000081700000|100%| O|  |TAMS 0x0000000081600000| PB 0x0000000081600000| Untracked |  0
|  23|0x0000000081700000, 0x0000000081800000, 0x0000000081800000|100%| O|  |TAMS 0x0000000081700000| PB 0x0000000081700000| Untracked |  0
|  24|0x0000000081800000, 0x0000000081900000, 0x0000000081900000|100%| O|  |TAMS 0x0000000081800000| PB 0x0000000081800000| Untracked |  0
|  25|0x0000000081900000, 0x0000000081a00000, 0x0000000081a00000|100%| O|  |TAMS 0x0000000081900000| PB 0x0000000081900000| Untracked |  0
|  26|0x0000000081a00000, 0x0000000081b00000, 0x0000000081b00000|100%|HS|  |TAMS 0x0000000081a00000| PB 0x0000000081a00000| Complete |  0
|  27|0x0000000081b00000, 0x0000000081c00000, 0x0000000081c00000|100%|HS|  |TAMS 0x0000000081b00000| PB 0x0000000081b00000| Complete |  0
|  28|0x0000000081c00000, 0x0000000081d00000, 0x0000000081d00000|100%|HS|  |TAMS 0x0000000081c00000| PB 0x0000000081c00000| Complete |  0
|  29|0x0000000081d00000, 0x0000000081e00000, 0x0000000081e00000|100%|HS|  |TAMS 0x0000000081d00000| PB 0x0000000081d00000| Complete |  0
|  30|0x0000000081e00000, 0x0000000081f00000, 0x0000000081f00000|100%|HC|  |TAMS 0x0000000081e00000| PB 0x0000000081e00000| Complete |  0
|  31|0x0000000081f00000, 0x0000000082000000, 0x0000000082000000|100%| O|  |TAMS 0x0000000081f00000| PB 0x0000000081f00000| Untracked |  0
|  32|0x0000000082000000, 0x0000000082100000, 0x0000000082100000|100%| O|  |TAMS 0x0000000082000000| PB 0x0000000082000000| Untracked |  0
|  33|0x0000000082100000, 0x0000000082200000, 0x0000000082200000|100%|HS|  |TAMS 0x0000000082100000| PB 0x0000000082100000| Complete |  0
|  34|0x0000000082200000, 0x0000000082300000, 0x0000000082300000|100%|HS|  |TAMS 0x0000000082200000| PB 0x0000000082200000| Complete |  0
|  35|0x0000000082300000, 0x0000000082400000, 0x0000000082400000|100%| O|  |TAMS 0x0000000082300000| PB 0x0000000082300000| Untracked |  0
|  36|0x0000000082400000, 0x0000000082500000, 0x0000000082500000|100%| O|  |TAMS 0x0000000082400000| PB 0x0000000082400000| Untracked |  0
|  37|0x0000000082500000, 0x0000000082600000, 0x0000000082600000|100%| O|  |TAMS 0x0000000082500000| PB 0x0000000082500000| Untracked |  0
|  38|0x0000000082600000, 0x0000000082700000, 0x0000000082700000|100%| O|  |TAMS 0x0000000082600000| PB 0x0000000082600000| Untracked |  0
|  39|0x0000000082700000, 0x0000000082700000, 0x0000000082800000|  0%| F|  |TAMS 0x0000000082700000| PB 0x0000000082700000| Untracked |  0
|  40|0x0000000082800000, 0x0000000082900000, 0x0000000082900000|100%| O|  |TAMS 0x0000000082800000| PB 0x0000000082800000| Untracked |  0
|  41|0x0000000082900000, 0x0000000082a00000, 0x0000000082a00000|100%| O|  |TAMS 0x0000000082900000| PB 0x0000000082900000| Untracked |  0
|  42|0x0000000082a00000, 0x0000000082b00000, 0x0000000082b00000|100%| O|  |TAMS 0x0000000082a00000| PB 0x0000000082a00000| Untracked |  0
|  43|0x0000000082b00000, 0x0000000082c00000, 0x0000000082c00000|100%| O|  |TAMS 0x0000000082b00000| PB 0x0000000082b00000| Untracked |  0
|  44|0x0000000082c00000, 0x0000000082d00000, 0x0000000082d00000|100%| O|  |TAMS 0x0000000082c00000| PB 0x0000000082c00000| Untracked |  0
|  45|0x0000000082d00000, 0x0000000082e00000, 0x0000000082e00000|100%| O|  |TAMS 0x0000000082d00000| PB 0x0000000082d00000| Untracked |  0
|  46|0x0000000082e00000, 0x0000000082f00000, 0x0000000082f00000|100%| O|  |TAMS 0x0000000082e00000| PB 0x0000000082e00000| Untracked |  0
|  47|0x0000000082f00000, 0x0000000083000000, 0x0000000083000000|100%| O|  |TAMS 0x0000000082f00000| PB 0x0000000082f00000| Untracked |  0
|  48|0x0000000083000000, 0x0000000083100000, 0x0000000083100000|100%| O|  |TAMS 0x0000000083000000| PB 0x0000000083000000| Untracked |  0
|  49|0x0000000083100000, 0x0000000083200000, 0x0000000083200000|100%| O|  |TAMS 0x0000000083100000| PB 0x0000000083100000| Untracked |  0
|  50|0x0000000083200000, 0x0000000083200000, 0x0000000083300000|  0%| F|  |TAMS 0x0000000083200000| PB 0x0000000083200000| Untracked |  0
|  51|0x0000000083300000, 0x0000000083400000, 0x0000000083400000|100%| O|  |TAMS 0x0000000083300000| PB 0x0000000083300000| Untracked |  0
|  52|0x0000000083400000, 0x0000000083500000, 0x0000000083500000|100%| O|  |TAMS 0x0000000083400000| PB 0x0000000083400000| Untracked |  0
|  53|0x0000000083500000, 0x0000000083600000, 0x0000000083600000|100%| O|  |TAMS 0x0000000083500000| PB 0x0000000083500000| Untracked |  0
|  54|0x0000000083600000, 0x0000000083700000, 0x0000000083700000|100%| O|  |TAMS 0x0000000083600000| PB 0x0000000083600000| Untracked |  0
|  55|0x0000000083700000, 0x0000000083800000, 0x0000000083800000|100%| O|  |TAMS 0x0000000083700000| PB 0x0000000083700000| Untracked |  0
|  56|0x0000000083800000, 0x0000000083900000, 0x0000000083900000|100%|HS|  |TAMS 0x0000000083800000| PB 0x0000000083800000| Complete |  0
|  57|0x0000000083900000, 0x0000000083a00000, 0x0000000083a00000|100%|HS|  |TAMS 0x0000000083900000| PB 0x0000000083900000| Complete |  0
|  58|0x0000000083a00000, 0x0000000083b00000, 0x0000000083b00000|100%|HC|  |TAMS 0x0000000083a00000| PB 0x0000000083a00000| Complete |  0
|  59|0x0000000083b00000, 0x0000000083b00000, 0x0000000083c00000|  0%| F|  |TAMS 0x0000000083b00000| PB 0x0000000083b00000| Untracked |  0
|  60|0x0000000083c00000, 0x0000000083d00000, 0x0000000083d00000|100%|HS|  |TAMS 0x0000000083c00000| PB 0x0000000083c00000| Complete |  0
|  61|0x0000000083d00000, 0x0000000083e00000, 0x0000000083e00000|100%| O|  |TAMS 0x0000000083d00000| PB 0x0000000083d00000| Untracked |  0
|  62|0x0000000083e00000, 0x0000000083f00000, 0x0000000083f00000|100%| O|  |TAMS 0x0000000083e00000| PB 0x0000000083e00000| Untracked |  0
|  63|0x0000000083f00000, 0x0000000084000000, 0x0000000084000000|100%| O|  |TAMS 0x0000000083f00000| PB 0x0000000083f00000| Untracked |  0
|  64|0x0000000084000000, 0x0000000084100000, 0x0000000084100000|100%| O|  |TAMS 0x0000000084000000| PB 0x0000000084000000| Untracked |  0
|  65|0x0000000084100000, 0x0000000084200000, 0x0000000084200000|100%| O|Cm|TAMS 0x0000000084100000| PB 0x0000000084100000| Complete |  0
|  66|0x0000000084200000, 0x0000000084300000, 0x0000000084300000|100%| O|  |TAMS 0x0000000084200000| PB 0x0000000084200000| Untracked |  0
|  67|0x0000000084300000, 0x00000000843a2078, 0x0000000084400000| 63%| S|CS|TAMS 0x0000000084300000| PB 0x0000000084300000| Complete |  0
|  68|0x0000000084400000, 0x0000000084500000, 0x0000000084500000|100%| S|CS|TAMS 0x0000000084400000| PB 0x0000000084400000| Complete |  0
|  69|0x0000000084500000, 0x0000000084600000, 0x0000000084600000|100%| O|  |TAMS 0x0000000084500000| PB 0x0000000084500000| Untracked |  0
|  70|0x0000000084600000, 0x0000000084700000, 0x0000000084700000|100%| O|  |TAMS 0x0000000084600000| PB 0x0000000084600000| Untracked |  0
|  71|0x0000000084700000, 0x0000000084800000, 0x0000000084800000|100%| O|  |TAMS 0x0000000084700000| PB 0x0000000084700000| Untracked |  0
|  72|0x0000000084800000, 0x0000000084800000, 0x0000000084900000|  0%| F|  |TAMS 0x0000000084800000| PB 0x0000000084800000| Untracked |  0
|  73|0x0000000084900000, 0x0000000084900000, 0x0000000084a00000|  0%| F|  |TAMS 0x0000000084900000| PB 0x0000000084900000| Untracked |  0
|  74|0x0000000084a00000, 0x0000000084b00000, 0x0000000084b00000|100%| S|CS|TAMS 0x0000000084a00000| PB 0x0000000084a00000| Complete |  0
|  75|0x0000000084b00000, 0x0000000084b00000, 0x0000000084c00000|  0%| F|  |TAMS 0x0000000084b00000| PB 0x0000000084b00000| Untracked |  0
|  76|0x0000000084c00000, 0x0000000084c00000, 0x0000000084d00000|  0%| F|  |TAMS 0x0000000084c00000| PB 0x0000000084c00000| Untracked |  0
|  77|0x0000000084d00000, 0x0000000084d00000, 0x0000000084e00000|  0%| F|  |TAMS 0x0000000084d00000| PB 0x0000000084d00000| Untracked |  0
|  78|0x0000000084e00000, 0x0000000084e00000, 0x0000000084f00000|  0%| F|  |TAMS 0x0000000084e00000| PB 0x0000000084e00000| Untracked |  0
|  79|0x0000000084f00000, 0x0000000084f00000, 0x0000000085000000|  0%| F|  |TAMS 0x0000000084f00000| PB 0x0000000084f00000| Untracked |  0
|  80|0x0000000085000000, 0x0000000085000000, 0x0000000085100000|  0%| F|  |TAMS 0x0000000085000000| PB 0x0000000085000000| Untracked |  0
|  81|0x0000000085100000, 0x0000000085100000, 0x0000000085200000|  0%| F|  |TAMS 0x0000000085100000| PB 0x0000000085100000| Untracked |  0
|  82|0x0000000085200000, 0x0000000085200000, 0x0000000085300000|  0%| F|  |TAMS 0x0000000085200000| PB 0x0000000085200000| Untracked |  0
|  83|0x0000000085300000, 0x0000000085300000, 0x0000000085400000|  0%| F|  |TAMS 0x0000000085300000| PB 0x0000000085300000| Untracked |  0
|  84|0x0000000085400000, 0x0000000085400000, 0x0000000085500000|  0%| F|  |TAMS 0x0000000085400000| PB 0x0000000085400000| Untracked |  0
|  85|0x0000000085500000, 0x0000000085500000, 0x0000000085600000|  0%| F|  |TAMS 0x0000000085500000| PB 0x0000000085500000| Untracked |  0
|  86|0x0000000085600000, 0x0000000085600000, 0x0000000085700000|  0%| F|  |TAMS 0x0000000085600000| PB 0x0000000085600000| Untracked |  0
|  87|0x0000000085700000, 0x0000000085700000, 0x0000000085800000|  0%| F|  |TAMS 0x0000000085700000| PB 0x0000000085700000| Untracked |  0
|  88|0x0000000085800000, 0x0000000085800000, 0x0000000085900000|  0%| F|  |TAMS 0x0000000085800000| PB 0x0000000085800000| Untracked |  0
|  89|0x0000000085900000, 0x0000000085900000, 0x0000000085a00000|  0%| F|  |TAMS 0x0000000085900000| PB 0x0000000085900000| Untracked |  0
|  90|0x0000000085a00000, 0x0000000085a00000, 0x0000000085b00000|  0%| F|  |TAMS 0x0000000085a00000| PB 0x0000000085a00000| Untracked |  0
|  91|0x0000000085b00000, 0x0000000085b00000, 0x0000000085c00000|  0%| F|  |TAMS 0x0000000085b00000| PB 0x0000000085b00000| Untracked |  0
|  92|0x0000000085c00000, 0x0000000085c00000, 0x0000000085d00000|  0%| F|  |TAMS 0x0000000085c00000| PB 0x0000000085c00000| Untracked |  0
|  93|0x0000000085d00000, 0x0000000085d00000, 0x0000000085e00000|  0%| F|  |TAMS 0x0000000085d00000| PB 0x0000000085d00000| Untracked |  0
|  94|0x0000000085e00000, 0x0000000085e00000, 0x0000000085f00000|  0%| F|  |TAMS 0x0000000085e00000| PB 0x0000000085e00000| Untracked |  0
|  95|0x0000000085f00000, 0x0000000085f00000, 0x0000000086000000|  0%| F|  |TAMS 0x0000000085f00000| PB 0x0000000085f00000| Untracked |  0
|  96|0x0000000086000000, 0x0000000086080000, 0x0000000086100000| 50%| E|  |TAMS 0x0000000086000000| PB 0x0000000086000000| Complete |  0
|  97|0x0000000086100000, 0x0000000086200000, 0x0000000086200000|100%| E|CS|TAMS 0x0000000086100000| PB 0x0000000086100000| Complete |  0
|  98|0x0000000086200000, 0x0000000086300000, 0x0000000086300000|100%| E|CS|TAMS 0x0000000086200000| PB 0x0000000086200000| Complete |  0
|  99|0x0000000086300000, 0x0000000086400000, 0x0000000086400000|100%| E|CS|TAMS 0x0000000086300000| PB 0x0000000086300000| Complete |  0
| 100|0x0000000086400000, 0x0000000086500000, 0x0000000086500000|100%| E|CS|TAMS 0x0000000086400000| PB 0x0000000086400000| Complete |  0
| 101|0x0000000086500000, 0x0000000086600000, 0x0000000086600000|100%| E|CS|TAMS 0x0000000086500000| PB 0x0000000086500000| Complete |  0
| 102|0x0000000086600000, 0x0000000086700000, 0x0000000086700000|100%| E|CS|TAMS 0x0000000086600000| PB 0x0000000086600000| Complete |  0
| 103|0x0000000086700000, 0x0000000086800000, 0x0000000086800000|100%| E|CS|TAMS 0x0000000086700000| PB 0x0000000086700000| Complete |  0
| 104|0x0000000086800000, 0x0000000086900000, 0x0000000086900000|100%| E|CS|TAMS 0x0000000086800000| PB 0x0000000086800000| Complete |  0
| 105|0x0000000086900000, 0x0000000086a00000, 0x0000000086a00000|100%| E|CS|TAMS 0x0000000086900000| PB 0x0000000086900000| Complete |  0
| 106|0x0000000086a00000, 0x0000000086b00000, 0x0000000086b00000|100%| E|CS|TAMS 0x0000000086a00000| PB 0x0000000086a00000| Complete |  0
| 107|0x0000000086b00000, 0x0000000086c00000, 0x0000000086c00000|100%| E|CS|TAMS 0x0000000086b00000| PB 0x0000000086b00000| Complete |  0
| 108|0x0000000086c00000, 0x0000000086d00000, 0x0000000086d00000|100%| E|CS|TAMS 0x0000000086c00000| PB 0x0000000086c00000| Complete |  0
| 109|0x0000000086d00000, 0x0000000086e00000, 0x0000000086e00000|100%| E|CS|TAMS 0x0000000086d00000| PB 0x0000000086d00000| Complete |  0
| 110|0x0000000086e00000, 0x0000000086f00000, 0x0000000086f00000|100%| E|CS|TAMS 0x0000000086e00000| PB 0x0000000086e00000| Complete |  0
| 111|0x0000000086f00000, 0x0000000087000000, 0x0000000087000000|100%| E|CS|TAMS 0x0000000086f00000| PB 0x0000000086f00000| Complete |  0
| 112|0x0000000087000000, 0x0000000087100000, 0x0000000087100000|100%| E|CS|TAMS 0x0000000087000000| PB 0x0000000087000000| Complete |  0
| 113|0x0000000087100000, 0x0000000087200000, 0x0000000087200000|100%| E|CS|TAMS 0x0000000087100000| PB 0x0000000087100000| Complete |  0
| 114|0x0000000087200000, 0x0000000087300000, 0x0000000087300000|100%| E|CS|TAMS 0x0000000087200000| PB 0x0000000087200000| Complete |  0
| 115|0x0000000087300000, 0x0000000087400000, 0x0000000087400000|100%| E|CS|TAMS 0x0000000087300000| PB 0x0000000087300000| Complete |  0
|2044|0x00000000ffc00000, 0x00000000ffc11778, 0x00000000ffd00000|  6%| O|  |TAMS 0x00000000ffc00000| PB 0x00000000ffc00000| Untracked |  0
|2045|0x00000000ffd00000, 0x00000000ffe00000, 0x00000000ffe00000|100%| O|Cm|TAMS 0x00000000ffd00000| PB 0x00000000ffd00000| Complete |  0
|2046|0x00000000ffe00000, 0x00000000fff00000, 0x00000000fff00000|100%| O|  |TAMS 0x00000000ffe00000| PB 0x00000000ffe00000| Untracked |  0
|2047|0x00000000fff00000, 0x0000000100000000, 0x0000000100000000|100%| O|  |TAMS 0x00000000fff00000| PB 0x00000000fff00000| Untracked |  0

Card table byte_map: [0x000001d5e2170000,0x000001d5e2570000] _byte_map_base: 0x000001d5e1d70000

Marking Bits: (CMBitMap*) 0x000001d5cf8b9c00
 Bits: [0x000001d5e2570000, 0x000001d5e4570000)

Polling page: 0x000001d5cd610000

Metaspace:
Metaspace        used 84542K, committed 86656K, reserved 1179648K
 class space     used 12364K, committed 13376K, reserved 1048576K

Usage:
  Non-class:     70.49 MB used.
      Class:     12.07 MB used.
       Both:     82.56 MB used.

Virtual space:
  Non-class space:      128.00 MB reserved,      71.56 MB ( 56%) committed,  2 nodes.
      Class space:        1.00 GB reserved,      13.06 MB (  1%) committed,  1 nodes.
             Both:        1.12 GB reserved,      84.62 MB (  7%) committed. 

Chunk freelists:
   Non-Class:  8.06 MB
       Class:  2.80 MB
        Both:  10.86 MB

MaxMetaspaceSize: unlimited
CompressedClassSpaceSize: 1.00 GB
Initial GC threshold: 21.00 MB
Current GC threshold: 138.44 MB
CDS: off
 - commit_granule_bytes: 65536.
 - commit_granule_words: 8192.
 - virtual_space_node_default_size: 8388608.
 - enlarge_chunks_in_place: 1.
UseCompressedClassPointers 1, UseCompactObjectHeaders 0
Narrow klass pointer bits 32, Max shift 3
Narrow klass base: 0x0000000000000000, Narrow klass shift: 0
Encoding Range: [0x0000000000000000 - 0x0000000100000000), (4294967296 bytes)
Klass Range:    [0x000000003d000000 - 0x000000007d000000), (1073741824 bytes)
Klass ID Range:  [1023410176 - 2097151993) (1073741817)
No protection zone.


Internal statistics:

num_allocs_failed_limit: 6.
num_arena_births: 4040.
num_arena_deaths: 0.
num_vsnodes_births: 3.
num_vsnodes_deaths: 0.
num_space_committed: 1354.
num_space_uncommitted: 0.
num_chunks_returned_to_freelist: 6.
num_chunks_taken_from_freelist: 7553.
num_chunk_merges: 6.
num_chunk_splits: 4966.
num_chunks_enlarged: 3116.
num_inconsistent_stats: 0.

CodeHeap 'non-profiled nmethods': size=120064Kb used=3553Kb max_used=3595Kb free=116510Kb
 bounds [0x000001d5da830000, 0x000001d5dabc0000, 0x000001d5e1d70000]
CodeHeap 'profiled nmethods': size=120064Kb used=11735Kb max_used=12020Kb free=108328Kb
 bounds [0x000001d5d2d50000, 0x000001d5d3910000, 0x000001d5da290000]
CodeHeap 'non-nmethods': size=5760Kb used=1979Kb max_used=2093Kb free=3781Kb
 bounds [0x000001d5da290000, 0x000001d5da500000, 0x000001d5da830000]
CodeCache: size=245888Kb, used=17267Kb, max_used=17708Kb, free=228619Kb
 total_blobs=9200, nmethods=8347, adapters=756, full_count=0
Compilation: enabled, stopped_count=0, restarted_count=0

Compilation events (20 events):
Event: 20.287 Thread 0x000001d5e6b76170 9757       3       org.gradle.api.internal.DefaultMutationGuard::assertEagerContext (28 bytes)
Event: 20.287 Thread 0x000001d5e6b76170 nmethod 9757 0x000001d5d32ed788 code [0x000001d5d32ed880, 0x000001d5d32ee2d8]
Event: 20.288 Thread 0x000001d5e6b76170 9759       3       com.google.common.collect.ImmutableSet$RegularSetBuilderImpl::hashFloodingDetected (108 bytes)
Event: 20.288 Thread 0x000001d5e6b76170 nmethod 9759 0x000001d5d3020308 code [0x000001d5d3020400, 0x000001d5d30208d8]
Event: 20.314 Thread 0x000001d5e6b76170 9762       3       sun.net.www.protocol.file.Handler::openConnection (7 bytes)
Event: 20.314 Thread 0x000001d5e6b76170 nmethod 9762 0x000001d5d2fef908 code [0x000001d5d2fefa00, 0x000001d5d2fefb58]
Event: 20.314 Thread 0x000001d5e6b76170 9763   !   3       sun.net.www.protocol.file.Handler::openConnection (251 bytes)
Event: 20.315 Thread 0x000001d5e6b76170 nmethod 9763 0x000001d5d2dafa08 code [0x000001d5d2dafb00, 0x000001d5d2db0ca8]
Event: 20.315 Thread 0x000001d5e6b76170 9764       3       sun.net.www.protocol.file.Handler::createFileURLConnection (10 bytes)
Event: 20.315 Thread 0x000001d5e6b76170 nmethod 9764 0x000001d5d2feff88 code [0x000001d5d2ff0080, 0x000001d5d2ff0220]
Event: 20.333 Thread 0x000001d5e6b76170 9765       3       java.lang.ClassLoader::getResource (41 bytes)
Event: 20.334 Thread 0x000001d5e6b76170 nmethod 9765 0x000001d5d3188c08 code [0x000001d5d3188d00, 0x000001d5d31892b8]
Event: 20.342 Thread 0x000001d5e6b76170 9766       3       com.google.common.cache.LocalCache$EntryFactory$1::newEntry (12 bytes)
Event: 20.343 Thread 0x000001d5e6b76170 nmethod 9766 0x000001d5d3206208 code [0x000001d5d3206300, 0x000001d5d32066f8]
Event: 20.351 Thread 0x000001d5e6b76170 9767       2       com.google.common.cache.LocalCache$Segment::getEntry (73 bytes)
Event: 20.351 Thread 0x000001d5e6b76170 nmethod 9767 0x000001d5d32ebb88 code [0x000001d5d32ebc80, 0x000001d5d32ec1c8]
Event: 20.351 Thread 0x000001d5e6b76170 9768       1       org.gradle.api.internal.plugins.PluginInspector$PotentialImperativeClassPlugin::asClass (5 bytes)
Event: 20.351 Thread 0x000001d5e6b76170 nmethod 9768 0x000001d5daaef408 code [0x000001d5daaef500, 0x000001d5daaef5c8]
Event: 20.462 Thread 0x000001d5e6b76170 9769       1       java.lang.Module::getClassLoader (5 bytes)
Event: 20.463 Thread 0x000001d5e6b76170 nmethod 9769 0x000001d5daaa7188 code [0x000001d5daaa7280, 0x000001d5daaa7348]

GC Heap Usage History (20 events):
Event: 11.624 {heap Before GC invocations=17 (full 0):
 garbage-first heap   total reserved 2097152K, committed 86016K, used 76995K [0x0000000080000000, 0x0000000100000000)
  region size 1024K, 29 young (29696K), 2 survivors (2048K)
}
Event: 11.630 {heap After GC invocations=18 (full 0):
 garbage-first heap   total reserved 2097152K, committed 86016K, used 53803K [0x0000000080000000, 0x0000000100000000)
  region size 1024K, 4 young (4096K), 4 survivors (4096K)
}
Event: 11.992 {heap Before GC invocations=19 (full 0):
 garbage-first heap   total reserved 2097152K, committed 91136K, used 77355K [0x0000000080000000, 0x0000000100000000)
  region size 1024K, 27 young (27648K), 4 survivors (4096K)
}
Event: 12.000 {heap After GC invocations=20 (full 0):
 garbage-first heap   total reserved 2097152K, committed 91136K, used 55116K [0x0000000080000000, 0x0000000100000000)
  region size 1024K, 2 young (2048K), 2 survivors (2048K)
}
Event: 12.773 {heap Before GC invocations=20 (full 0):
 garbage-first heap   total reserved 2097152K, committed 91136K, used 82764K [0x0000000080000000, 0x0000000100000000)
  region size 1024K, 29 young (29696K), 2 survivors (2048K)
}
Event: 12.780 {heap After GC invocations=21 (full 0):
 garbage-first heap   total reserved 2097152K, committed 109568K, used 55624K [0x0000000080000000, 0x0000000100000000)
  region size 1024K, 3 young (3072K), 3 survivors (3072K)
}
Event: 15.268 {heap Before GC invocations=21 (full 0):
 garbage-first heap   total reserved 2097152K, committed 109568K, used 96584K [0x0000000080000000, 0x0000000100000000)
  region size 1024K, 43 young (44032K), 3 survivors (3072K)
}
Event: 15.277 {heap After GC invocations=22 (full 0):
 garbage-first heap   total reserved 2097152K, committed 109568K, used 57837K [0x0000000080000000, 0x0000000100000000)
  region size 1024K, 5 young (5120K), 5 survivors (5120K)
}
Event: 16.763 {heap Before GC invocations=23 (full 0):
 garbage-first heap   total reserved 2097152K, committed 109568K, used 96749K [0x0000000080000000, 0x0000000100000000)
  region size 1024K, 44 young (45056K), 5 survivors (5120K)
}
Event: 16.774 {heap After GC invocations=24 (full 0):
 garbage-first heap   total reserved 2097152K, committed 109568K, used 61315K [0x0000000080000000, 0x0000000100000000)
  region size 1024K, 6 young (6144K), 6 survivors (6144K)
}
Event: 17.347 {heap Before GC invocations=24 (full 0):
 garbage-first heap   total reserved 2097152K, committed 109568K, used 98179K [0x0000000080000000, 0x0000000100000000)
  region size 1024K, 43 young (44032K), 6 survivors (6144K)
}
Event: 17.362 {heap After GC invocations=25 (full 0):
 garbage-first heap   total reserved 2097152K, committed 109568K, used 62397K [0x0000000080000000, 0x0000000100000000)
  region size 1024K, 2 young (2048K), 2 survivors (2048K)
}
Event: 17.871 {heap Before GC invocations=25 (full 0):
 garbage-first heap   total reserved 2097152K, committed 109568K, used 100285K [0x0000000080000000, 0x0000000100000000)
  region size 1024K, 40 young (40960K), 2 survivors (2048K)
}
Event: 17.875 {heap After GC invocations=26 (full 0):
 garbage-first heap   total reserved 2097152K, committed 109568K, used 63137K [0x0000000080000000, 0x0000000100000000)
  region size 1024K, 3 young (3072K), 3 survivors (3072K)
}
Event: 18.466 {heap Before GC invocations=27 (full 0):
 garbage-first heap   total reserved 2097152K, committed 109568K, used 103073K [0x0000000080000000, 0x0000000100000000)
  region size 1024K, 41 young (41984K), 3 survivors (3072K)
}
Event: 18.474 {heap After GC invocations=28 (full 0):
 garbage-first heap   total reserved 2097152K, committed 111616K, used 68287K [0x0000000080000000, 0x0000000100000000)
  region size 1024K, 6 young (6144K), 6 survivors (6144K)
}
Event: 18.957 {heap Before GC invocations=28 (full 0):
 garbage-first heap   total reserved 2097152K, committed 111616K, used 103103K [0x0000000080000000, 0x0000000100000000)
  region size 1024K, 39 young (39936K), 6 survivors (6144K)
}
Event: 18.969 {heap After GC invocations=29 (full 0):
 garbage-first heap   total reserved 2097152K, committed 114688K, used 71749K [0x0000000080000000, 0x0000000100000000)
  region size 1024K, 2 young (2048K), 2 survivors (2048K)
}
Event: 19.860 {heap Before GC invocations=29 (full 0):
 garbage-first heap   total reserved 2097152K, committed 114688K, used 105541K [0x0000000080000000, 0x0000000100000000)
  region size 1024K, 35 young (35840K), 2 survivors (2048K)
}
Event: 19.863 {heap After GC invocations=30 (full 0):
 garbage-first heap   total reserved 2097152K, committed 114688K, used 72397K [0x0000000080000000, 0x0000000100000000)
  region size 1024K, 3 young (3072K), 3 survivors (3072K)
}

Metaspace Usage History (20 events):
Event: 11.624 {metaspace Before GC invocations=17 (full 0):
 Metaspace       used 62323K, committed 64064K, reserved 1114112K
  class space    used 9061K, committed 9856K, reserved 1048576K
}
Event: 11.630 {metaspace After GC invocations=18 (full 0):
 Metaspace       used 62323K, committed 64064K, reserved 1114112K
  class space    used 9061K, committed 9856K, reserved 1048576K
}
Event: 11.992 {metaspace Before GC invocations=19 (full 0):
 Metaspace       used 63278K, committed 65088K, reserved 1114112K
  class space    used 9254K, committed 10112K, reserved 1048576K
}
Event: 12.000 {metaspace After GC invocations=20 (full 0):
 Metaspace       used 63278K, committed 65088K, reserved 1114112K
  class space    used 9254K, committed 10112K, reserved 1048576K
}
Event: 12.773 {metaspace Before GC invocations=20 (full 0):
 Metaspace       used 66544K, committed 68416K, reserved 1114112K
  class space    used 9785K, committed 10624K, reserved 1048576K
}
Event: 12.780 {metaspace After GC invocations=21 (full 0):
 Metaspace       used 66544K, committed 68416K, reserved 1114112K
  class space    used 9785K, committed 10624K, reserved 1048576K
}
Event: 15.268 {metaspace Before GC invocations=21 (full 0):
 Metaspace       used 72710K, committed 74688K, reserved 1114112K
  class space    used 10694K, committed 11648K, reserved 1048576K
}
Event: 15.277 {metaspace After GC invocations=22 (full 0):
 Metaspace       used 72710K, committed 74688K, reserved 1114112K
  class space    used 10694K, committed 11648K, reserved 1048576K
}
Event: 16.763 {metaspace Before GC invocations=23 (full 0):
 Metaspace       used 75612K, committed 77632K, reserved 1114112K
  class space    used 11202K, committed 12160K, reserved 1048576K
}
Event: 16.774 {metaspace After GC invocations=24 (full 0):
 Metaspace       used 75612K, committed 77632K, reserved 1114112K
  class space    used 11202K, committed 12160K, reserved 1048576K
}
Event: 17.347 {metaspace Before GC invocations=24 (full 0):
 Metaspace       used 75889K, committed 77952K, reserved 1179648K
  class space    used 11202K, committed 12160K, reserved 1048576K
}
Event: 17.362 {metaspace After GC invocations=25 (full 0):
 Metaspace       used 75889K, committed 77952K, reserved 1179648K
  class space    used 11202K, committed 12160K, reserved 1048576K
}
Event: 17.871 {metaspace Before GC invocations=25 (full 0):
 Metaspace       used 75942K, committed 77952K, reserved 1179648K
  class space    used 11203K, committed 12160K, reserved 1048576K
}
Event: 17.875 {metaspace After GC invocations=26 (full 0):
 Metaspace       used 75942K, committed 77952K, reserved 1179648K
  class space    used 11203K, committed 12160K, reserved 1048576K
}
Event: 18.466 {metaspace Before GC invocations=27 (full 0):
 Metaspace       used 76895K, committed 78848K, reserved 1179648K
  class space    used 11308K, committed 12224K, reserved 1048576K
}
Event: 18.474 {metaspace After GC invocations=28 (full 0):
 Metaspace       used 76895K, committed 78848K, reserved 1179648K
  class space    used 11308K, committed 12224K, reserved 1048576K
}
Event: 18.957 {metaspace Before GC invocations=28 (full 0):
 Metaspace       used 79423K, committed 81472K, reserved 1179648K
  class space    used 11666K, committed 12608K, reserved 1048576K
}
Event: 18.969 {metaspace After GC invocations=29 (full 0):
 Metaspace       used 79423K, committed 81472K, reserved 1179648K
  class space    used 11666K, committed 12608K, reserved 1048576K
}
Event: 19.860 {metaspace Before GC invocations=29 (full 0):
 Metaspace       used 82783K, committed 84928K, reserved 1179648K
  class space    used 12037K, committed 13056K, reserved 1048576K
}
Event: 19.863 {metaspace After GC invocations=30 (full 0):
 Metaspace       used 82783K, committed 84928K, reserved 1179648K
  class space    used 12037K, committed 13056K, reserved 1048576K
}

Dll operation events (3 events):
Event: 0.048 Loaded shared library C:\Program Files\Android\Android Studio1\jbr\bin\java.dll
Event: 0.065 Loaded shared library C:\Program Files\Android\Android Studio1\jbr\bin\zip.dll
Event: 1.180 Loaded shared library C:\Program Files\Android\Android Studio1\jbr\bin\verify.dll

Deoptimization events (20 events):
Event: 19.819 Thread 0x000001d5edf94060 DEOPT PACKING pc=0x000001d5d386c3a2 sp=0x00000059b84f66c0
Event: 19.819 Thread 0x000001d5edf94060 DEOPT UNPACKING pc=0x000001d5da2e1702 sp=0x00000059b84f5bd0 mode 0
Event: 19.847 Thread 0x000001d5edf94060 Uncommon trap: trap_request=0xffffffde fr.pc=0x000001d5daae9048 relative=0x0000000000000048
Event: 19.847 Thread 0x000001d5edf94060 Uncommon trap: reason=class_check action=maybe_recompile pc=0x000001d5daae9048 method=java.lang.StringConcatHelper.stringOf(Ljava/lang/Object;)Ljava/lang/String; @ 5 c2
Event: 19.847 Thread 0x000001d5edf94060 DEOPT PACKING pc=0x000001d5daae9048 sp=0x00000059b84f6eb0
Event: 19.847 Thread 0x000001d5edf94060 DEOPT UNPACKING pc=0x000001d5da3a8582 sp=0x00000059b84f6e48 mode 2
Event: 20.134 Thread 0x000001d5edf94060 Uncommon trap: trap_request=0xffffff45 fr.pc=0x000001d5dab5f62c relative=0x000000000000062c
Event: 20.134 Thread 0x000001d5edf94060 Uncommon trap: reason=unstable_if action=reinterpret pc=0x000001d5dab5f62c method=java.io.WinNTFileSystem.prefixLength(Ljava/lang/String;)I @ 65 c2
Event: 20.134 Thread 0x000001d5edf94060 DEOPT PACKING pc=0x000001d5dab5f62c sp=0x00000059b84f49e0
Event: 20.134 Thread 0x000001d5edf94060 DEOPT UNPACKING pc=0x000001d5da3a8582 sp=0x00000059b84f48b0 mode 2
Event: 20.134 Thread 0x000001d5edf94060 Uncommon trap: trap_request=0xffffff45 fr.pc=0x000001d5da88e48c relative=0x000000000000030c
Event: 20.134 Thread 0x000001d5edf94060 Uncommon trap: reason=unstable_if action=reinterpret pc=0x000001d5da88e48c method=java.io.WinNTFileSystem.prefixLength(Ljava/lang/String;)I @ 65 c2
Event: 20.134 Thread 0x000001d5edf94060 DEOPT PACKING pc=0x000001d5da88e48c sp=0x00000059b84f4990
Event: 20.134 Thread 0x000001d5edf94060 DEOPT UNPACKING pc=0x000001d5da3a8582 sp=0x00000059b84f48b0 mode 2
Event: 20.134 Thread 0x000001d5edf94060 Uncommon trap: trap_request=0xffffff45 fr.pc=0x000001d5da9bad30 relative=0x00000000000002b0
Event: 20.134 Thread 0x000001d5edf94060 Uncommon trap: reason=unstable_if action=reinterpret pc=0x000001d5da9bad30 method=java.io.WinNTFileSystem.prefixLength(Ljava/lang/String;)I @ 65 c2
Event: 20.134 Thread 0x000001d5edf94060 DEOPT PACKING pc=0x000001d5da9bad30 sp=0x00000059b84f4920
Event: 20.134 Thread 0x000001d5edf94060 DEOPT UNPACKING pc=0x000001d5da3a8582 sp=0x00000059b84f48b8 mode 2
Event: 20.186 Thread 0x000001d5edf94060 DEOPT PACKING pc=0x000001d5d386c381 sp=0x00000059b84f5510
Event: 20.186 Thread 0x000001d5edf94060 DEOPT UNPACKING pc=0x000001d5da2e1702 sp=0x00000059b84f4a20 mode 0

Classes loaded (20 events):
Event: 20.124 Loading class jdk/xml/internal/FeaturePropertyBase$State
Event: 20.125 Loading class jdk/xml/internal/FeaturePropertyBase$State done
Event: 20.125 Loading class jdk/xml/internal/XMLSecurityPropertyManager$Property
Event: 20.125 Loading class jdk/xml/internal/XMLSecurityPropertyManager$Property done
Event: 20.125 Loading class jdk/xml/internal/JdkXmlFeatures
Event: 20.126 Loading class jdk/xml/internal/JdkXmlFeatures done
Event: 20.126 Loading class jdk/xml/internal/JdkXmlFeatures$XmlFeature
Event: 20.126 Loading class jdk/xml/internal/JdkXmlFeatures$XmlFeature done
Event: 20.126 Loading class jdk/xml/internal/JdkProperty$ImplPropMap
Event: 20.127 Loading class jdk/xml/internal/JdkProperty$ImplPropMap done
Event: 20.128 Loading class com/sun/org/apache/xpath/internal/jaxp/XPathFactoryImpl
Event: 20.129 Loading class com/sun/org/apache/xpath/internal/jaxp/XPathFactoryImpl done
Event: 20.129 Loading class javax/xml/parsers/DocumentBuilderFactory
Event: 20.130 Loading class javax/xml/parsers/DocumentBuilderFactory done
Event: 20.130 Loading class javax/xml/parsers/FactoryFinder
Event: 20.130 Loading class javax/xml/parsers/FactoryFinder done
Event: 20.132 Loading class com/sun/org/apache/xerces/internal/jaxp/DocumentBuilderFactoryImpl
Event: 20.133 Loading class com/sun/org/apache/xerces/internal/jaxp/DocumentBuilderFactoryImpl done
Event: 20.179 Loading class java/util/regex/Pattern$SliceI
Event: 20.179 Loading class java/util/regex/Pattern$SliceI done

Classes unloaded (0 events):
No events

Classes redefined (0 events):
No events

Internal exceptions (20 events):
Event: 20.411 Thread 0x000001d5edf94060 Exception <a 'sun/nio/fs/WindowsException'{0x00000000865af7b0}> (0x00000000865af7b0) 
thrown [s\src\hotspot\share\prims\jni.cpp, line 535]
Event: 20.416 Thread 0x000001d5edf94060 Exception <a 'sun/nio/fs/WindowsException'{0x00000000865e14d0}> (0x00000000865e14d0) 
thrown [s\src\hotspot\share\prims\jni.cpp, line 535]
Event: 20.418 Thread 0x000001d5edf94060 Exception <a 'sun/nio/fs/WindowsException'{0x00000000865f22a0}> (0x00000000865f22a0) 
thrown [s\src\hotspot\share\prims\jni.cpp, line 535]
Event: 20.421 Thread 0x000001d5edf94060 Exception <a 'sun/nio/fs/WindowsException'{0x00000000864059d8}> (0x00000000864059d8) 
thrown [s\src\hotspot\share\prims\jni.cpp, line 535]
Event: 20.424 Thread 0x000001d5edf94060 Exception <a 'sun/nio/fs/WindowsException'{0x0000000086413778}> (0x0000000086413778) 
thrown [s\src\hotspot\share\prims\jni.cpp, line 535]
Event: 20.428 Thread 0x000001d5edf94060 Exception <a 'sun/nio/fs/WindowsException'{0x0000000086430b38}> (0x0000000086430b38) 
thrown [s\src\hotspot\share\prims\jni.cpp, line 535]
Event: 20.430 Thread 0x000001d5edf94060 Exception <a 'sun/nio/fs/WindowsException'{0x00000000864412c0}> (0x00000000864412c0) 
thrown [s\src\hotspot\share\prims\jni.cpp, line 535]
Event: 20.432 Thread 0x000001d5edf94060 Exception <a 'sun/nio/fs/WindowsException'{0x000000008644f570}> (0x000000008644f570) 
thrown [s\src\hotspot\share\prims\jni.cpp, line 535]
Event: 20.434 Thread 0x000001d5edf94060 Exception <a 'sun/nio/fs/WindowsException'{0x000000008646b218}> (0x000000008646b218) 
thrown [s\src\hotspot\share\prims\jni.cpp, line 535]
Event: 20.436 Thread 0x000001d5edf94060 Exception <a 'sun/nio/fs/WindowsException'{0x0000000086479660}> (0x0000000086479660) 
thrown [s\src\hotspot\share\prims\jni.cpp, line 535]
Event: 20.437 Thread 0x000001d5edf94060 Exception <a 'sun/nio/fs/WindowsException'{0x00000000864880f8}> (0x00000000864880f8) 
thrown [s\src\hotspot\share\prims\jni.cpp, line 535]
Event: 20.448 Thread 0x000001d5edf94060 Exception <a 'sun/nio/fs/WindowsException'{0x00000000864abe88}> (0x00000000864abe88) 
thrown [s\src\hotspot\share\prims\jni.cpp, line 535]
Event: 20.450 Thread 0x000001d5edf94060 Exception <a 'sun/nio/fs/WindowsException'{0x00000000864bb968}> (0x00000000864bb968) 
thrown [s\src\hotspot\share\prims\jni.cpp, line 535]
Event: 20.452 Thread 0x000001d5edf94060 Exception <a 'sun/nio/fs/WindowsException'{0x00000000864cafe8}> (0x00000000864cafe8) 
thrown [s\src\hotspot\share\prims\jni.cpp, line 535]
Event: 20.461 Thread 0x000001d5edf94060 Exception <a 'sun/nio/fs/WindowsException'{0x00000000864ec490}> (0x00000000864ec490) 
thrown [s\src\hotspot\share\prims\jni.cpp, line 535]
Event: 20.468 Thread 0x000001d5edf94060 Exception <a 'sun/nio/fs/WindowsException'{0x0000000086338698}> (0x0000000086338698) 
thrown [s\src\hotspot\share\prims\jni.cpp, line 535]
Event: 20.486 Thread 0x000001d5edf94060 Exception <a 'sun/nio/fs/WindowsException'{0x000000008637b3d8}> (0x000000008637b3d8) 
thrown [s\src\hotspot\share\prims\jni.cpp, line 535]
Event: 20.487 Thread 0x000001d5edf94060 Exception <a 'sun/nio/fs/WindowsException'{0x0000000086388ca0}> (0x0000000086388ca0) 
thrown [s\src\hotspot\share\prims\jni.cpp, line 535]
Event: 20.489 Thread 0x000001d5edf94060 Exception <a 'sun/nio/fs/WindowsException'{0x00000000863a3b78}> (0x00000000863a3b78) 
thrown [s\src\hotspot\share\prims\jni.cpp, line 535]
Event: 20.495 Thread 0x000001d5edf94060 Exception <a 'sun/nio/fs/WindowsException'{0x00000000863b0700}> (0x00000000863b0700) 
thrown [s\src\hotspot\share\prims\jni.cpp, line 535]

VM Operations (20 events):
Event: 17.987 Executing safepoint VM operation: G1PauseRemark
Event: 17.994 Executing safepoint VM operation: G1PauseRemark done
Event: 18.035 Executing safepoint VM operation: G1PauseCleanup
Event: 18.035 Executing safepoint VM operation: G1PauseCleanup done
Event: 18.466 Executing safepoint VM operation: G1CollectForAllocation (G1 Evacuation Pause)
Event: 18.474 Executing safepoint VM operation: G1CollectForAllocation (G1 Evacuation Pause) done
Event: 18.957 Executing safepoint VM operation: G1CollectForAllocation (G1 Evacuation Pause)
Event: 18.969 Executing safepoint VM operation: G1CollectForAllocation (G1 Evacuation Pause) done
Event: 19.083 Executing non-safepoint VM operation: HandshakeAllThreads (Deoptimize)
Event: 19.083 Executing non-safepoint VM operation: HandshakeAllThreads (Deoptimize) done
Event: 19.860 Executing safepoint VM operation: G1CollectForAllocation (G1 Evacuation Pause)
Event: 19.863 Executing safepoint VM operation: G1CollectForAllocation (G1 Evacuation Pause) done
Event: 19.999 Executing safepoint VM operation: G1PauseRemark
Event: 20.009 Executing safepoint VM operation: G1PauseRemark done
Event: 20.057 Executing safepoint VM operation: G1PauseCleanup
Event: 20.057 Executing safepoint VM operation: G1PauseCleanup done
Event: 20.146 Executing non-safepoint VM operation: HandshakeAllThreads (Deoptimize)
Event: 20.147 Executing non-safepoint VM operation: HandshakeAllThreads (Deoptimize) done
Event: 20.481 Executing non-safepoint VM operation: HandshakeAllThreads (Deoptimize)
Event: 20.481 Executing non-safepoint VM operation: HandshakeAllThreads (Deoptimize) done

Memory protections (0 events):
No events

Nmethod flushes (20 events):
Event: 20.006 Thread 0x000001d5e6b01880 flushing  nmethod 0x000001d5d33b3e08
Event: 20.006 Thread 0x000001d5e6b01880 flushing  nmethod 0x000001d5d33d0f88
Event: 20.006 Thread 0x000001d5e6b01880 flushing  nmethod 0x000001d5d345c188
Event: 20.006 Thread 0x000001d5e6b01880 flushing  nmethod 0x000001d5d345c888
Event: 20.006 Thread 0x000001d5e6b01880 flushing  nmethod 0x000001d5d345d588
Event: 20.006 Thread 0x000001d5e6b01880 flushing  nmethod 0x000001d5d345d888
Event: 20.006 Thread 0x000001d5e6b01880 flushing  nmethod 0x000001d5d34f7f08
Event: 20.006 Thread 0x000001d5e6b01880 flushing  nmethod 0x000001d5d34f8688
Event: 20.006 Thread 0x000001d5e6b01880 flushing  nmethod 0x000001d5d34fa288
Event: 20.006 Thread 0x000001d5e6b01880 flushing  nmethod 0x000001d5d34faa08
Event: 20.006 Thread 0x000001d5e6b01880 flushing  nmethod 0x000001d5d34fb608
Event: 20.006 Thread 0x000001d5e6b01880 flushing  nmethod 0x000001d5d350f708
Event: 20.006 Thread 0x000001d5e6b01880 flushing  nmethod 0x000001d5d3530908
Event: 20.006 Thread 0x000001d5e6b01880 flushing  nmethod 0x000001d5d3570808
Event: 20.006 Thread 0x000001d5e6b01880 flushing  nmethod 0x000001d5d358be08
Event: 20.006 Thread 0x000001d5e6b01880 flushing  nmethod 0x000001d5d35c0188
Event: 20.006 Thread 0x000001d5e6b01880 flushing  nmethod 0x000001d5d35c0e88
Event: 20.006 Thread 0x000001d5e6b01880 flushing  nmethod 0x000001d5d3687688
Event: 20.006 Thread 0x000001d5e6b01880 flushing  nmethod 0x000001d5d3689708
Event: 20.006 Thread 0x000001d5e6b01880 flushing  nmethod 0x000001d5d3751188

Events (20 events):
Event: 5.976 Thread 0x000001d5edf94060 Thread added: 0x000001d5ee449710
Event: 6.367 Thread 0x000001d5edf94060 Thread added: 0x000001d5ee446060
Event: 7.744 Thread 0x000001d5edf94060 Thread added: 0x000001d5ee44a6b0
Event: 7.763 Thread 0x000001d5edf94060 Thread added: 0x000001d5ee44b650
Event: 8.392 Thread 0x000001d5edf94060 Thread added: 0x000001d5ec186280
Event: 8.452 Thread 0x000001d5edf94060 Thread added: 0x000001d5ec184b10
Event: 8.639 Thread 0x000001d5edf94060 Thread added: 0x000001d5ec187220
Event: 8.672 Thread 0x000001d5edf94060 Thread added: 0x000001d5ec1879f0
Event: 9.313 Thread 0x000001d5edf94060 Thread added: 0x000001d5ec18a8d0
Event: 10.524 Thread 0x000001d5edf94060 Thread added: 0x000001d5ef714f40
Event: 10.526 Thread 0x000001d5edf94060 Thread added: 0x000001d5ef712060
Event: 10.528 Thread 0x000001d5edf94060 Thread added: 0x000001d5ef713fa0
Event: 10.708 Thread 0x000001d5edf94060 Thread added: 0x000001d5ef7166b0
Event: 11.224 Thread 0x000001d5edf94060 Thread added: 0x000001d5ef718dc0
Event: 13.146 Thread 0x000001d5edd13830 Thread exited: 0x000001d5edd13830
Event: 13.491 Thread 0x000001d5edf94060 Thread added: 0x000001d5ee445890
Event: 18.082 Thread 0x000001d5e6b76170 Thread added: 0x000001d5f0dd4ee0
Event: 19.085 Thread 0x000001d5edf94060 Thread added: 0x000001d5f14e86c0
Event: 19.261 Thread 0x000001d5f0dd4ee0 Thread exited: 0x000001d5f0dd4ee0
Event: 20.219 Thread 0x000001d5edf94060 Thread added: 0x000001d5f14e4070


Dynamic libraries:
0x00007ff7e05e0000 - 0x00007ff7e05ea000 	C:\Program Files\Android\Android Studio1\jbr\bin\java.exe
0x00007fff89880000 - 0x00007fff89ae3000 	C:\Windows\SYSTEM32\ntdll.dll
0x00007fff883f0000 - 0x00007fff884b8000 	C:\Windows\System32\KERNEL32.DLL
0x00007fff86e50000 - 0x00007fff87201000 	C:\Windows\System32\KERNELBASE.dll
0x00007fff872d0000 - 0x00007fff8741b000 	C:\Windows\System32\ucrtbase.dll
0x00007fff69240000 - 0x00007fff69256000 	C:\Program Files\Android\Android Studio1\jbr\bin\jli.dll
0x00007fff7a170000 - 0x00007fff7a18b000 	C:\Program Files\Android\Android Studio1\jbr\bin\VCRUNTIME140.dll
0x00007fff894b0000 - 0x00007fff89678000 	C:\Windows\System32\USER32.dll
0x00007fff86da0000 - 0x00007fff86dc7000 	C:\Windows\System32\win32u.dll
0x00007fff746a0000 - 0x00007fff74930000 	C:\Windows\WinSxS\amd64_microsoft.windows.common-controls_6595b64144ccf1df_6.0.26100.2161_none_3e0cadb0e33078e1\COMCTL32.dll
0x00007fff87940000 - 0x00007fff8796a000 	C:\Windows\System32\GDI32.dll
0x00007fff87be0000 - 0x00007fff87c89000 	C:\Windows\System32\msvcrt.dll
0x00007fff86c70000 - 0x00007fff86d95000 	C:\Windows\System32\gdi32full.dll
0x00007fff87640000 - 0x00007fff876e3000 	C:\Windows\System32\msvcp_win.dll
0x00007fff884d0000 - 0x00007fff884ff000 	C:\Windows\System32\IMM32.DLL
0x00007fff7f7f0000 - 0x00007fff7f7fc000 	C:\Program Files\Android\Android Studio1\jbr\bin\vcruntime140_1.dll
0x00007fff66a60000 - 0x00007fff66aed000 	C:\Program Files\Android\Android Studio1\jbr\bin\msvcp140.dll
0x00007fff3e6a0000 - 0x00007fff3f57d000 	C:\Program Files\Android\Android Studio1\jbr\bin\server\jvm.dll
0x00007fff88fa0000 - 0x00007fff89054000 	C:\Windows\System32\ADVAPI32.dll
0x00007fff876f0000 - 0x00007fff87796000 	C:\Windows\System32\sechost.dll
0x00007fff87820000 - 0x00007fff87936000 	C:\Windows\System32\RPCRT4.dll
0x00007fff897c0000 - 0x00007fff89834000 	C:\Windows\System32\WS2_32.dll
0x00007fff86af0000 - 0x00007fff86b3e000 	C:\Windows\SYSTEM32\POWRPROF.dll
0x00007fff7d9e0000 - 0x00007fff7d9eb000 	C:\Windows\SYSTEM32\VERSION.dll
0x00007fff7d9a0000 - 0x00007fff7d9d6000 	C:\Windows\SYSTEM32\WINMM.dll
0x00007fff86ad0000 - 0x00007fff86ae4000 	C:\Windows\SYSTEM32\UMPDC.dll
0x00007fff85ac0000 - 0x00007fff85ada000 	C:\Windows\SYSTEM32\kernel.appcore.dll
0x00007fff7f660000 - 0x00007fff7f66a000 	C:\Program Files\Android\Android Studio1\jbr\bin\jimage.dll
0x00007fff7e5f0000 - 0x00007fff7e831000 	C:\Windows\SYSTEM32\DBGHELP.DLL
0x00007fff88510000 - 0x00007fff8888d000 	C:\Windows\System32\combase.dll
0x00007fff89060000 - 0x00007fff89136000 	C:\Windows\System32\OLEAUT32.dll
0x00007fff78fd0000 - 0x00007fff79009000 	C:\Windows\SYSTEM32\dbgcore.DLL
0x00007fff875a0000 - 0x00007fff87639000 	C:\Windows\System32\bcryptPrimitives.dll
0x00007fff7a130000 - 0x00007fff7a13e000 	C:\Program Files\Android\Android Studio1\jbr\bin\instrument.dll
0x00007fff79570000 - 0x00007fff7958e000 	C:\Program Files\Android\Android Studio1\jbr\bin\java.dll
0x00007fff88250000 - 0x00007fff883e9000 	C:\Windows\System32\ole32.dll
0x00007fff88890000 - 0x00007fff88f8f000 	C:\Windows\System32\SHELL32.dll
0x00007fff786b0000 - 0x00007fff786c6000 	C:\Program Files\Android\Android Studio1\jbr\bin\zip.dll
0x00007fff84a30000 - 0x00007fff8525d000 	C:\Windows\SYSTEM32\windows.storage.dll
0x00007fff879a0000 - 0x00007fff87a73000 	C:\Windows\System32\SHCORE.dll
0x00007fff881e0000 - 0x00007fff8823d000 	C:\Windows\System32\shlwapi.dll
0x00007fff86b80000 - 0x00007fff86bae000 	C:\Windows\SYSTEM32\profapi.dll
0x00007fff7a1f0000 - 0x00007fff7a200000 	C:\Program Files\Android\Android Studio1\jbr\bin\net.dll
0x00007fff85fc0000 - 0x00007fff86028000 	C:\Windows\system32\mswsock.dll
0x00007fff77040000 - 0x00007fff77056000 	C:\Program Files\Android\Android Studio1\jbr\bin\nio.dll
0x00007fff78700000 - 0x00007fff78710000 	C:\Program Files\Android\Android Studio1\jbr\bin\verify.dll
0x00007fff70c50000 - 0x00007fff70c77000 	C:\Users\Usser\.gradle\native\660c5614fbf4a5f2a75b1949f50a0caf5cd603558e7d8a26e50b933a0cfb79d1\windows-amd64\native-platform.dll
0x00007fff57a00000 - 0x00007fff57a77000 	C:\Users\Usser\.gradle\native\0.2.8\x86_64-windows-gnu\gradle-fileevents.dll
0x00007fff79540000 - 0x00007fff79549000 	C:\Program Files\Android\Android Studio1\jbr\bin\management.dll
0x00007fff78f80000 - 0x00007fff78f8b000 	C:\Program Files\Android\Android Studio1\jbr\bin\management_ext.dll
0x00007fff884c0000 - 0x00007fff884c8000 	C:\Windows\System32\PSAPI.DLL
0x00007fff855b0000 - 0x00007fff855e1000 	C:\Windows\SYSTEM32\IPHLPAPI.DLL
0x00007fff88240000 - 0x00007fff8824a000 	C:\Windows\System32\NSI.dll
0x00007fff79670000 - 0x00007fff79679000 	C:\Program Files\Android\Android Studio1\jbr\bin\extnet.dll
0x00007fff86260000 - 0x00007fff8627c000 	C:\Windows\SYSTEM32\CRYPTSP.dll
0x00007fff85a20000 - 0x00007fff85a58000 	C:\Windows\system32\rsaenh.dll
0x00007fff86060000 - 0x00007fff8608b000 	C:\Windows\SYSTEM32\USERENV.dll
0x00007fff864a0000 - 0x00007fff864c6000 	C:\Windows\SYSTEM32\bcrypt.dll
0x00007fff86280000 - 0x00007fff8628c000 	C:\Windows\SYSTEM32\CRYPTBASE.dll
0x00007fff7a090000 - 0x00007fff7a098000 	C:\Windows\system32\wshunix.dll

JVMTI agents:
C:\Users\Usser\.gradle\wrapper\dists\gradle-9.6.0-bin\42k10rwplmzkhuboz9kdazi7s\gradle-9.6.0\lib\agents\gradle-instrumentation-agent-9.6.0.jar path:C:\Program Files\Android\Android Studio1\jbr\bin\instrument.dll, loaded, initialized, instrumentlib options:none

dbghelp: loaded successfully - version: 4.0.5 - missing functions: none
symbol engine: initialized successfully - sym options: 0x614 - pdb path: .;C:\Program Files\Android\Android Studio1\jbr\bin;C:\Windows\SYSTEM32;C:\Windows\WinSxS\amd64_microsoft.windows.common-controls_6595b64144ccf1df_6.0.26100.2161_none_3e0cadb0e33078e1;C:\Program Files\Android\Android Studio1\jbr\bin\server;C:\Users\Usser\.gradle\native\660c5614fbf4a5f2a75b1949f50a0caf5cd603558e7d8a26e50b933a0cfb79d1\windows-amd64;C:\Users\Usser\.gradle\native\0.2.8\x86_64-windows-gnu

VM Arguments:
jvm_args: --add-opens=java.base/java.lang=ALL-UNNAMED --add-opens=java.base/java.lang.invoke=ALL-UNNAMED --add-opens=java.base/java.util=ALL-UNNAMED --add-opens=java.prefs/java.util.prefs=ALL-UNNAMED --add-exports=jdk.compiler/com.sun.tools.javac.api=ALL-UNNAMED --add-exports=jdk.compiler/com.sun.tools.javac.util=ALL-UNNAMED --add-opens=java.base/java.nio.charset=ALL-UNNAMED --add-opens=java.base/java.net=ALL-UNNAMED --add-opens=java.base/java.util.concurrent=ALL-UNNAMED --add-opens=java.base/java.util.concurrent.atomic=ALL-UNNAMED --add-opens=java.xml/javax.xml.namespace=ALL-UNNAMED --add-opens=java.base/java.time=ALL-UNNAMED --enable-native-access=ALL-UNNAMED -Xmx2048m -Dfile.encoding=UTF-8 -Duser.country=CO -Duser.language=es -Duser.variant -javaagent:C:\Users\Usser\.gradle\wrapper\dists\gradle-9.6.0-bin\42k10rwplmzkhuboz9kdazi7s\gradle-9.6.0\lib\agents\gradle-instrumentation-agent-9.6.0.jar 
java_command: org.gradle.launcher.daemon.bootstrap.GradleDaemon 9.6.0
java_class_path (initial): C:\Users\Usser\.gradle\wrapper\dists\gradle-9.6.0-bin\42k10rwplmzkhuboz9kdazi7s\gradle-9.6.0\lib\gradle-daemon-main-9.6.0.jar
Launcher Type: SUN_STANDARD

[Global flags]
     intx CICompilerCount                          = 3                                         {product} {ergonomic}
     uint ConcGCThreads                            = 1                                         {product} {ergonomic}
     uint G1ConcRefinementThreads                  = 4                                         {product} {ergonomic}
   size_t G1HeapRegionSize                         = 1048576                                   {product} {ergonomic}
   size_t InitialHeapSize                          = 100663296                                 {product} {ergonomic}
   size_t MarkStackSize                            = 4194304                                   {product} {ergonomic}
   size_t MarkStackSizeMax                         = 536870912                                 {product} {ergonomic}
   size_t MaxHeapSize                              = 2147483648                                {product} {command line}
   size_t MaxNewSize                               = 1287651328                                {product} {ergonomic}
   size_t MinHeapDeltaBytes                        = 1048576                                   {product} {ergonomic}
   size_t MinHeapSize                              = 8388608                                   {product} {ergonomic}
    uintx NonNMethodCodeHeapSize                   = 5898240                                {pd product} {ergonomic}
    uintx NonProfiledCodeHeapSize                  = 122945536                              {pd product} {ergonomic}
    uintx ProfiledCodeHeapSize                     = 122945536                              {pd product} {ergonomic}
    uintx ReservedCodeCacheSize                    = 251789312                              {pd product} {ergonomic}
     bool SegmentedCodeCache                       = true                                      {product} {ergonomic}
   size_t SoftMaxHeapSize                          = 2147483648                             {manageable} {ergonomic}
     bool UseCompressedOops                        = true                           {product lp64_product} {ergonomic}
     bool UseG1GC                                  = true                                      {product} {ergonomic}
     bool UseLargePagesIndividualAllocation        = false                                  {pd product} {ergonomic}

Logging:
Log output configuration:
 #0: stdout all=warning uptime,level,tags foldmultilines=false
 #1: stderr all=off uptime,level,tags foldmultilines=false

Release file:
JAVA_VERSION="25.0.3" 
MODULES="java.base java.compiler java.datatransfer java.xml java.prefs java.desktop java.instrument java.logging java.management java.security.sasl java.naming java.rmi java.management.rmi java.net.http java.scripting java.security.jgss java.transaction.xa java.sql java.sql.rowset java.xml.crypto java.se java.smartcardio jdk.accessibility jdk.internal.jvmstat jdk.attach jdk.charsets jdk.internal.opt jdk.zipfs jdk.compiler jdk.crypto.cryptoki jdk.crypto.ec jdk.dynalink jdk.hotspot.agent jdk.httpserver jdk.internal.ed jdk.internal.le jdk.internal.md jdk.internal.vm.ci jdk.jartool jdk.javadoc jdk.jcmd jdk.jdeps jdk.jdwp.agent jdk.jdi jdk.jfr jdk.jlink jdk.localedata jdk.management jdk.management.agent jdk.management.jfr jdk.naming.dns jdk.naming.rmi jdk.net jdk.sctp jdk.security.auth jdk.security.jgss jdk.unsupported jdk.unsupported.desktop jdk.xml.dom" 
IMPLEMENTOR="JetBrains s.r.o." 
JAVA_RUNTIME_VERSION="25.0.3+-15898627-b508.16" 
LIBC="default" 
OS_ARCH="x86_64" 
OS_NAME="Windows" 
SOURCE=".:git:a8b1dba3234f" 

Environment Variables:
PATH=C:\Windows\system32;C:\Windows;C:\Windows\System32\Wbem;C:\Windows\System32\WindowsPowerShell\v1.0\;C:\Windows\System32\OpenSSH\;C:\Users\Usser\.local\bin;C:\Users\Usser\AppData\Local\Microsoft\WindowsApps;C:\Users\Usser\AppData\Local\Programs\Microsoft VS Code\bin;C:\Users\Usser\AppData\Local\Python\bin
USERNAME=Usser
OS=Windows_NT
PROCESSOR_IDENTIFIER=AMD64 Family 23 Model 24 Stepping 1, AuthenticAMD
TMP=C:\Users\Usser\AppData\Local\Temp
TEMP=C:\Users\Usser\AppData\Local\Temp




Compilation memory statistics disabled.

Periodic native trim disabled

JNI global refs:
JNI global refs: 21, weak refs: 0

JNI global refs memory usage: 835, weak refs: 833

Process memory usage:
Resident Set Size: 346452K (5% of 6228524K total physical memory with 460552K free physical memory)

OOME stack traces (most recent first):
Classloader memory used:
Loader org.gradle.internal.classloader.VisitableURLClassLoader                         : 40096 K
Loader bootstrap                                                                       : 24927 K
Loader org.gradle.initialization.MixInLegacyTypesClassLoader                           : 13219 K
Loader org.gradle.internal.classloader.VisitableURLClassLoader$InstrumentingVisitableURLClassLoader: 5781 K
Loader jdk.internal.loader.ClassLoaders$AppClassLoader                                 : 186 K
Loader jdk.internal.loader.ClassLoaders$PlatformClassLoader                            : 168 K
Loader org.gradle.internal.classloader.VisitableURLClassLoader                         : 145 K
Loader org.gradle.groovy.scripts.internal.DefaultScriptCompilationHandler$ScriptClassLoader: 118 K

Classes loaded by more than one classloader:
Class Program                                                                         : loaded 4 times (x 76B)
Class com.google.common.base.Equivalence$Identity                                     : loaded 2 times (x 84B)
Class com.google.common.collect.RegularImmutableMap$KeySet                            : loaded 2 times (x 154B)
Class org.gradle.internal.classloader.FilteringClassLoader                            : loaded 2 times (x 106B)
Class com.google.common.base.CharMatcher$IsEither                                     : loaded 2 times (x 113B)
Class org.gradle.internal.classloader.ClassLoaderHierarchy                            : loaded 2 times (x 72B)
Class com.google.common.collect.ImmutableList$1                                       : loaded 2 times (x 99B)
Class com.google.common.util.concurrent.ExecutionError                                : loaded 2 times (x 84B)
Class com.google.common.collect.RegularImmutableMap                                   : loaded 2 times (x 122B)
Class com.google.common.collect.ImmutableMap$MapViewOfValuesAsSingletonSets           : loaded 2 times (x 128B)
Class ijKotlinCoroutineJvmDebugInit1_d7hb6ax3yyss5g8p4rkmo93tu$_run_closure1          : loaded 2 times (x 140B)
Class com.google.common.collect.UnmodifiableListIterator                              : loaded 2 times (x 97B)
Class [Lcom.google.common.cache.CacheBuilder$OneWeigher;                              : loaded 2 times (x 71B)
Class com.google.common.base.Suppliers                                                : loaded 2 times (x 73B)
Class org.gradle.internal.classloader.DefaultClassLoaderFactory                       : loaded 2 times (x 84B)
Class ijKotlinCoroutineJvmDebugInit1_d7hb6ax3yyss5g8p4rkmo93tu$_run_closure1$_closure2: loaded 2 times (x 140B)
Class [Lcom.google.common.collect.ImmutableMapEntry;                                  : loaded 2 times (x 71B)
Class com.google.common.collect.ImmutableEnumMap                                      : loaded 2 times (x 128B)
Class org.gradle.api.internal.DefaultClassPathProvider                                : loaded 2 times (x 78B)
Class [Lorg.gradle.api.internal.ClassPathProvider;                                    : loaded 2 times (x 71B)
Class org.gradle.api.internal.ClassPathProvider                                       : loaded 2 times (x 72B)
Class com.google.common.cache.LocalCache$LocalLoadingCache                            : loaded 2 times (x 136B)
Class org.gradle.internal.service.UnknownServiceException                             : loaded 2 times (x 85B)
Class com.google.common.cache.LocalCache$Strength$1                                   : loaded 2 times (x 83B)
Class com.google.common.cache.LocalCache$Strength$2                                   : loaded 2 times (x 83B)
Class com.google.common.cache.LocalCache$Strength$3                                   : loaded 2 times (x 83B)
Class com.google.common.collect.MapDifference                                         : loaded 2 times (x 72B)
Class com.google.common.cache.CacheBuilder$NullListener                               : loaded 2 times (x 84B)
Class org.gradle.internal.classpath.TransformedClassPath                              : loaded 2 times (x 98B)
Class org.gradle.internal.classloader.InstrumentingClassLoader                        : loaded 2 times (x 72B)
Class com.google.common.collect.Iterators$ArrayItr                                    : loaded 2 times (x 99B)
Class com.google.common.cache.CacheLoader$FunctionToCacheLoader                       : loaded 2 times (x 77B)
Class com.google.common.collect.ImmutableCollection$Builder                           : loaded 2 times (x 78B)
Class com.google.common.base.MoreObjects                                              : loaded 2 times (x 73B)
Class com.google.common.collect.UnmodifiableIterator                                  : loaded 2 times (x 82B)
Class org.gradle.internal.service.ServiceLocator                                      : loaded 2 times (x 72B)
Class com.google.common.collect.SingletonImmutableBiMap                               : loaded 2 times (x 145B)
Class com.google.common.collect.Iterators$SingletonIterator                           : loaded 2 times (x 83B)
Class com.google.common.cache.LocalCache$1                                            : loaded 2 times (x 91B)
Class com.google.common.collect.AbstractMapEntry                                      : loaded 2 times (x 83B)
Class ijJvmDebugger1_dca18go98tptklyis1m865xto$_run_closure1                          : loaded 2 times (x 140B)
Class com.google.common.cache.LocalCache$2                                            : loaded 2 times (x 144B)
Class com.google.common.collect.RegularImmutableAsList                                : loaded 2 times (x 219B)
Class com.google.common.collect.Iterators                                             : loaded 2 times (x 73B)
Class org.gradle.kotlin.dsl.VersionCatalogAccessorsKt                                 : loaded 2 times (x 73B)
Class ijJvmDebugger1_dca18go98tptklyis1m865xto                                        : loaded 2 times (x 173B)
Class com.google.common.util.concurrent.UncheckedExecutionException                   : loaded 2 times (x 84B)
Class com.google.common.cache.CacheLoader$UnsupportedLoadingOperationException        : loaded 2 times (x 84B)
Class com.google.common.base.CharMatcher$And                                          : loaded 2 times (x 114B)
Class com.google.common.collect.IndexedImmutableSet                                   : loaded 2 times (x 154B)
Class com.google.common.collect.ImmutableMap$1                                        : loaded 2 times (x 83B)
Class com.google.common.collect.BiMap                                                 : loaded 2 times (x 72B)
Class org.gradle.api.internal.classpath.DefaultModuleRegistry$DefaultModule           : loaded 2 times (x 84B)
Class com.google.common.collect.AbstractIterator                                      : loaded 2 times (x 84B)
Class com.google.common.collect.AbstractIndexedListIterator                           : loaded 2 times (x 98B)
Class com.google.common.collect.ImmutableMapEntrySet                                  : loaded 2 times (x 154B)
Class org.gradle.api.internal.classpath.Module                                        : loaded 2 times (x 72B)
Class com.google.common.cache.Weigher                                                 : loaded 2 times (x 72B)
Class org.gradle.api.internal.classpath.UnknownModuleException                        : loaded 2 times (x 84B)
Class com.google.common.cache.LocalCache$Strength                                     : loaded 2 times (x 83B)
Class com.google.common.cache.Cache                                                   : loaded 2 times (x 72B)
Class com.google.common.collect.ImmutableMap$Builder                                  : loaded 2 times (x 84B)
Class com.google.common.cache.RemovalListener                                         : loaded 2 times (x 72B)
Class org.gradle.api.internal.DefaultClassPathRegistry                                : loaded 2 times (x 78B)
Class org.gradle.internal.classpath.DefaultClassPath$ImmutableUniqueList              : loaded 2 times (x 201B)
Class org.gradle.api.internal.ClassPathRegistry                                       : loaded 2 times (x 72B)
Class com.google.common.base.PairwiseEquivalence                                      : loaded 2 times (x 85B)
Class Settings_gradle$1                                                               : loaded 2 times (x 76B)
Class com.google.common.collect.SingletonImmutableList                                : loaded 2 times (x 209B)
Class com.google.common.cache.CacheBuilder                                            : loaded 2 times (x 74B)
Class org.gradle.internal.classpath.ClassPath                                         : loaded 2 times (x 72B)
Class com.google.common.collect.ImmutableList$ReverseImmutableList                    : loaded 2 times (x 211B)
Class org.gradle.api.internal.classpath.DefaultModuleRegistry$DefaultModuleAlias      : loaded 2 times (x 82B)
Class com.google.common.collect.Iterators$1                                           : loaded 2 times (x 83B)
Class com.google.common.base.Suppliers$SupplierOfInstance                             : loaded 2 times (x 81B)
Class com.google.common.collect.SingletonImmutableSet                                 : loaded 2 times (x 148B)
Class com.google.common.cache.LocalCache$ComputingValueReference                      : loaded 2 times (x 98B)
Class com.google.common.collect.ImmutableMap$IteratorBasedImmutableMap                : loaded 2 times (x 128B)
Class com.google.common.cache.LocalCache$Segment                                      : loaded 2 times (x 155B)
Class com.google.common.collect.Iterators$4                                           : loaded 2 times (x 84B)
Class com.google.common.cache.CacheLoader                                             : loaded 2 times (x 76B)
Class com.google.common.collect.ImmutableBiMap                                        : loaded 2 times (x 145B)
Class org.gradle.api.internal.classpath.ModuleRegistry                                : loaded 2 times (x 72B)
Class org.gradle.internal.installation.GradleInstallation$1                           : loaded 2 times (x 77B)
Class com.google.common.collect.Iterators$5                                           : loaded 2 times (x 84B)
Class com.google.common.cache.LocalCache$LocalManualCache$1                           : loaded 2 times (x 77B)
Class com.google.common.base.CharMatcher$ForPredicate                                 : loaded 2 times (x 114B)
Class com.google.common.base.CharMatcher$AnyOf                                        : loaded 2 times (x 114B)
Class com.google.common.collect.ImmutableCollection                                   : loaded 2 times (x 127B)
Class org.gradle.api.internal.classpath.DefaultModuleRegistry                         : loaded 2 times (x 86B)
Class com.google.common.cache.ReferenceEntry                                          : loaded 2 times (x 72B)
Class com.google.common.base.Converter                                                : loaded 2 times (x 92B)
Class com.google.common.collect.ImmutableSet$CachingAsList                            : loaded 2 times (x 150B)
Class com.google.common.collect.Iterators$9                                           : loaded 2 times (x 83B)
Class com.google.common.collect.ImmutableAsList                                       : loaded 2 times (x 211B)
Class com.google.common.base.FunctionalEquivalence                                    : loaded 2 times (x 85B)
Class com.google.common.cache.CacheLoader$SupplierToCacheLoader                       : loaded 2 times (x 77B)
Class org.gradle.internal.service.ServiceLookupException                              : loaded 2 times (x 84B)
Class [Lcom.google.common.cache.LocalCache$EntryFactory;                              : loaded 2 times (x 71B)
Class org.gradle.internal.classloader.ClassLoaderFactory                              : loaded 2 times (x 72B)
Class com.google.common.cache.LocalCache$LocalManualCache                             : loaded 2 times (x 101B)
Class com.google.common.base.CharMatcher$IsNot                                        : loaded 2 times (x 113B)
Class org.gradle.internal.service.CachingServiceLocator                               : loaded 2 times (x 84B)
Class com.google.common.collect.ImmutableMapEntry                                     : loaded 2 times (x 87B)
Class com.google.common.base.Equivalence                                              : loaded 2 times (x 84B)
Class com.google.common.base.Function                                                 : loaded 2 times (x 72B)
Class com.google.common.collect.ImmutableMapEntry$NonTerminalImmutableMapEntry        : loaded 2 times (x 87B)
Class com.google.common.collect.RegularImmutableList                                  : loaded 2 times (x 215B)
Class com.google.common.cache.CacheBuilder$OneWeigher                                 : loaded 2 times (x 84B)
Class org.gradle.internal.classloader.ClasspathUtil                                   : loaded 2 times (x 73B)
Class com.google.common.collect.Maps                                                  : loaded 2 times (x 73B)
Class org.gradle.api.specs.Spec                                                       : loaded 2 times (x 72B)
Class [Lcom.google.common.collect.ImmutableEntry;                                     : loaded 2 times (x 71B)
Class com.google.common.cache.LocalCache$LoadingValueReference                        : loaded 2 times (x 98B)
Class com.google.common.collect.Maps$8                                                : loaded 2 times (x 84B)
Class org.gradle.internal.classloader.VisitableURLClassLoader$InstrumentingVisitableURLClassLoader: loaded 2 times (x 124B)
Class [Lcom.google.common.cache.CacheBuilder$NullListener;                            : loaded 2 times (x 71B)
Class org.gradle.internal.classloader.VisitableURLClassLoader$Spec                    : loaded 2 times (x 76B)
Class org.gradle.internal.classpath.DefaultClassPath                                  : loaded 2 times (x 92B)
Class ijKotlinCoroutineJvmDebugInit1_d7hb6ax3yyss5g8p4rkmo93tu                        : loaded 2 times (x 173B)
Class com.google.common.base.CharMatcher$BitSetMatcher                                : loaded 2 times (x 114B)
Class com.google.common.collect.RegularImmutableMap$Values                            : loaded 2 times (x 209B)
Class com.google.common.collect.ImmutableSet                                          : loaded 2 times (x 147B)
Class org.gradle.internal.classloader.ClassLoaderSpec                                 : loaded 2 times (x 73B)
Class com.google.common.cache.CacheStats                                              : loaded 2 times (x 73B)
Class Settings_gradle$1$1                                                             : loaded 2 times (x 76B)
Class com.google.common.base.CharMatcher$Or                                           : loaded 2 times (x 114B)
Class org.gradle.api.internal.classpath.Module$ModuleAlias                            : loaded 2 times (x 72B)
Class com.google.common.base.Supplier                                                 : loaded 2 times (x 72B)
Class org.gradle.internal.classloader.VisitableURLClassLoader                         : loaded 2 times (x 118B)
Class Settings_gradle                                                                 : loaded 2 times (x 126B)
Class org.gradle.internal.Cast                                                        : loaded 2 times (x 73B)
Class org.gradle.api.Action                                                           : loaded 2 times (x 72B)
Class com.google.common.base.Ticker                                                   : loaded 2 times (x 74B)
Class com.google.common.base.CharMatcher$FastMatcher                                  : loaded 2 times (x 113B)
Class [Lcom.google.common.cache.LocalCache$Segment;                                   : loaded 2 times (x 71B)
Class [Lcom.google.common.cache.LocalCache$Strength;                                  : loaded 2 times (x 71B)
Class com.google.common.cache.CacheBuilder$1                                          : loaded 2 times (x 87B)
Class com.google.common.base.Predicate                                                : loaded 2 times (x 72B)
Class com.google.common.collect.ImmutableMap                                          : loaded 2 times (x 122B)
Class org.gradle.internal.classpath.DefaultClassPath$ImmutableUniqueList$Builder      : loaded 2 times (x 77B)
Class com.google.common.cache.LocalCache                                              : loaded 2 times (x 188B)
Class com.google.common.cache.CacheBuilder$2                                          : loaded 2 times (x 81B)
Class com.google.common.base.CharMatcher$NegatedFastMatcher                           : loaded 2 times (x 115B)
Class com.google.common.cache.CacheBuilder$3                                          : loaded 2 times (x 74B)
Class [Lcom.google.common.collect.AbstractMapEntry;                                   : loaded 2 times (x 71B)
Class com.google.common.collect.ImmutableEntry                                        : loaded 2 times (x 84B)
Class org.gradle.api.GradleException                                                  : loaded 2 times (x 84B)
Class com.google.common.collect.CollectPreconditions                                  : loaded 2 times (x 73B)
Class com.google.common.collect.SortedMapDifference                                   : loaded 2 times (x 72B)
Class com.google.common.cache.LocalCache$EntryFactory                                 : loaded 2 times (x 85B)
Class org.gradle.internal.IoActions                                                   : loaded 2 times (x 73B)
Class com.google.common.collect.ImmutableSet$RegularSetBuilderImpl                    : loaded 2 times (x 78B)
Class com.google.common.cache.CacheLoader$InvalidCacheLoadException                   : loaded 2 times (x 84B)
Class com.google.common.cache.LoadingCache                                            : loaded 2 times (x 72B)
Class [Lcom.google.common.cache.Weigher;                                              : loaded 2 times (x 71B)
Class com.google.common.collect.RegularImmutableMap$BucketOverflowException           : loaded 2 times (x 84B)
Class com.google.common.collect.RegularImmutableBiMap                                 : loaded 2 times (x 150B)
Class com.google.common.cache.LocalCache$ValueReference                               : loaded 2 times (x 72B)
Class com.google.common.base.CharMatcher$Negated                                      : loaded 2 times (x 115B)
Class com.google.common.base.CharMatcher$Is                                           : loaded 2 times (x 113B)
Class com.google.common.base.Equivalence$Equals                                       : loaded 2 times (x 84B)
Class com.google.common.collect.Hashing                                               : loaded 2 times (x 73B)
Class com.google.common.base.Preconditions                                            : loaded 2 times (x 73B)
Class com.google.common.collect.PeekingIterator                                       : loaded 2 times (x 72B)
Class com.google.common.base.CharMatcher                                              : loaded 2 times (x 113B)
Class com.google.common.cache.LocalCache$EntryFactory$1                               : loaded 2 times (x 85B)
Class [Lcom.google.common.cache.RemovalListener;                                      : loaded 2 times (x 71B)
Class com.google.common.base.CharMatcher$NamedFastMatcher                             : loaded 2 times (x 114B)
Class com.google.common.base.CharMatcher$1                                            : loaded 2 times (x 115B)
Class com.google.common.cache.LocalCache$EntryFactory$2                               : loaded 2 times (x 85B)
Class com.google.common.cache.LocalCache$EntryFactory$3                               : loaded 2 times (x 85B)
Class com.google.common.base.Ticker$1                                                 : loaded 2 times (x 74B)
Class com.google.common.collect.Maps$BiMapConverter                                   : loaded 2 times (x 92B)
Class com.google.common.collect.ImmutableMapEntrySet$RegularEntrySet                  : loaded 2 times (x 154B)
Class ijJvmDebugger1_dca18go98tptklyis1m865xto$_run_closure1$_closure2                : loaded 2 times (x 141B)
Class com.google.common.cache.LocalCache$EntryFactory$4                               : loaded 2 times (x 85B)
Class com.google.common.base.CharMatcher$InRange                                      : loaded 2 times (x 113B)
Class com.google.common.cache.LocalCache$EntryFactory$5                               : loaded 2 times (x 85B)
Class Build_gradle                                                                    : loaded 2 times (x 74B)
Class com.google.common.cache.LocalCache$EntryFactory$6                               : loaded 2 times (x 85B)
Class org.gradle.internal.installation.CurrentGradleInstallationLocator               : loaded 2 times (x 73B)
Class com.google.common.cache.LocalCache$EntryFactory$7                               : loaded 2 times (x 85B)
Class com.google.common.collect.ImmutableList                                         : loaded 2 times (x 208B)
Class org.gradle.internal.service.DefaultServiceLocator                               : loaded 2 times (x 85B)
Class com.google.common.collect.ImmutableSet$SetBuilderImpl                           : loaded 2 times (x 78B)
Class com.google.common.cache.LocalCache$EntryFactory$8                               : loaded 2 times (x 85B)
Class org.gradle.internal.installation.CurrentGradleInstallation                      : loaded 2 times (x 75B)
Class com.google.common.collect.ImmutableList$SubList                                 : loaded 2 times (x 211B)
Class com.google.common.cache.CacheLoader$1                                           : loaded 2 times (x 77B)
Class org.gradle.util.internal.GUtil                                                  : loaded 2 times (x 73B)
Class com.google.common.cache.AbstractCache$StatsCounter                              : loaded 2 times (x 72B)
Class com.google.common.collect.Iterators$MergingIterator                             : loaded 2 times (x 83B)
Class com.google.common.collect.RegularImmutableSet                                   : loaded 2 times (x 150B)
Class org.gradle.internal.installation.GradleInstallation                             : loaded 2 times (x 77B)

---------------  S Y S T E M  ---------------

OS:
 Windows 11 , 64 bit Build 26100 (10.0.26100.2161)
OS uptime: 13 days 22:18 hours

CPU: total 4 (initial active 4) (8 cores per cpu, 2 threads per core) family 23 model 24 stepping 1 microcode 0x8108109, cx8, cmov, fxsr, ht, mmx, 3dnowpref, sse, sse2, sse3, ssse3, sse4a, sse4.1, sse4.2, popcnt, lzcnt, tsc, tscinvbit, avx, avx2, aes, clmul, bmi1, bmi2, adx, sha, fma, vzeroupper, clflush, clflushopt, rdtscp, f16c
Processor Information for the first 4 processors :
  Max Mhz: 2100, Current Mhz: 2100, Mhz Limit: 2100

Memory: 4k page, system-wide physical 6082M (442M free)
TotalPageFile size 10649M (AvailPageFile size 10M)
current process WorkingSet (physical memory assigned to process): 338M, peak: 339M
current process commit charge ("private bytes"): 372M, peak: 375M

vm_info: OpenJDK 64-Bit Server VM (25.0.3+-15898627-b508.16) for windows-amd64 JRE (25.0.3+-15898627-b508.16), built on 2026-07-20T17:54:23Z with MS VC++ 16.10 / 16.11 (VS2019)

END.
